Device cuda
step: 0, loss: 1.4576247930526733
step: 10, loss: 0.04021244868636131
step: 20, loss: 0.3915073275566101
step: 30, loss: 0.44968199729919434
step: 40, loss: 0.10510130226612091
step: 50, loss: 0.3897392451763153
step: 60, loss: 0.12429025769233704
step: 70, loss: 0.4096497893333435
step: 80, loss: 0.7373962998390198
step: 90, loss: 0.5300214886665344
step: 100, loss: 0.2428208291530609
step: 110, loss: 0.47117164731025696
step: 120, loss: 0.5067762732505798
step: 130, loss: 0.5939865112304688
step: 140, loss: 0.6351174712181091
step: 150, loss: 0.2964198589324951
step: 160, loss: 0.4013671278953552
step: 170, loss: 0.6433018445968628
step: 180, loss: 0.6276894211769104
step: 190, loss: 0.37900012731552124
step: 200, loss: 0.09657937288284302
step: 210, loss: 0.25422731041908264
step: 220, loss: 0.4720515310764313
step: 230, loss: 0.22924935817718506
step: 240, loss: 0.2850370705127716
step: 250, loss: 0.2809715270996094
step: 260, loss: 0.309721440076828
step: 270, loss: 0.056809864938259125
step: 280, loss: 0.5267161726951599
step: 290, loss: 0.3361860513687134
step: 300, loss: 0.21187128126621246
step: 310, loss: 0.2924836277961731
step: 320, loss: 0.5625083446502686
step: 330, loss: 0.27605459094047546
step: 340, loss: 0.27400076389312744
step: 350, loss: 0.323214054107666
train time:  911.8759274482727
=========eval at epoch=1=========
Validation:
======================================
accuracy=0.8946
precision=0.6429
recall=0.0437
f1=0.0818
======================================
valid time:  105.99139785766602
Test:
======================================
accuracy=0.8951
precision=0.7273
recall=0.0388
f1=0.0737
======================================
step: 0, loss: 0.1417471468448639
step: 10, loss: 0.03338943049311638
step: 20, loss: 0.38017696142196655
step: 30, loss: 0.15060576796531677
step: 40, loss: 0.19414836168289185
step: 50, loss: 0.03478763997554779
step: 60, loss: 0.145020991563797
step: 70, loss: 0.16021934151649475
step: 80, loss: 0.05134807899594307
step: 90, loss: 0.350471556186676
step: 100, loss: 0.5576249957084656
step: 110, loss: 0.10916322469711304
step: 120, loss: 0.20280389487743378
step: 130, loss: 0.08825572580099106
step: 140, loss: 0.18622934818267822
step: 150, loss: 0.2725048363208771
step: 160, loss: 0.2171095460653305
step: 170, loss: 0.23694103956222534
step: 180, loss: 0.2549806535243988
step: 190, loss: 0.23746733367443085
step: 200, loss: 0.563014030456543
step: 210, loss: 0.268359512090683
step: 220, loss: 0.18506568670272827
step: 230, loss: 0.41439151763916016
step: 240, loss: 0.1555185168981552
step: 250, loss: 0.1211877316236496
step: 260, loss: 0.029728051275014877
step: 270, loss: 0.26690226793289185
step: 280, loss: 0.17098191380500793
step: 290, loss: 0.02467026561498642
step: 300, loss: 0.4061036705970764
step: 310, loss: 0.24045100808143616
step: 320, loss: 0.06594356894493103
step: 330, loss: 0.012416627258062363
step: 340, loss: 0.019360460340976715
step: 350, loss: 0.18057429790496826
train time:  916.8248403072357
=========eval at epoch=2=========
Validation:
======================================
accuracy=0.9489
precision=0.8803
recall=0.6068
f1=0.7184
======================================
valid time:  105.96557545661926
Test:
======================================
accuracy=0.9504
precision=0.8491
recall=0.6553
f1=0.7397
======================================
step: 0, loss: 0.04686802253127098
step: 10, loss: 0.1269216686487198
step: 20, loss: 0.025365056470036507
step: 30, loss: 0.1017039343714714
step: 40, loss: 0.2603588104248047
step: 50, loss: 0.056900009512901306
step: 60, loss: 0.14553557336330414
step: 70, loss: 0.03512134402990341
step: 80, loss: 0.07419939339160919
step: 90, loss: 0.006268991157412529
step: 100, loss: 0.17970100045204163
step: 110, loss: 0.19741111993789673
step: 120, loss: 0.05537670850753784
step: 130, loss: 0.10034032166004181
step: 140, loss: 0.08004534244537354
step: 150, loss: 0.009997598826885223
step: 160, loss: 0.13712769746780396
step: 170, loss: 0.05809512734413147
step: 180, loss: 0.013116326183080673
step: 190, loss: 0.18244506418704987
step: 200, loss: 0.0030557364225387573
step: 210, loss: 0.23438045382499695
step: 220, loss: 0.07944438606500626
step: 230, loss: 0.08963345736265182
step: 240, loss: 0.1177818775177002
step: 250, loss: 0.08908528089523315
step: 260, loss: 0.19286403059959412
step: 270, loss: 0.13035213947296143
step: 280, loss: 0.17303413152694702
step: 290, loss: 0.006828632205724716
step: 300, loss: 0.09255802631378174
step: 310, loss: 0.01490195095539093
step: 320, loss: 0.003391578793525696
step: 330, loss: 0.08078192174434662
step: 340, loss: 0.015251876786351204
step: 350, loss: 0.00954291969537735
train time:  919.7357079982758
=========eval at epoch=3=========
Validation:
======================================
accuracy=0.9525
precision=0.8249
recall=0.7087
f1=0.7624
======================================
valid time:  105.85948181152344
Test:
======================================
accuracy=0.9577
precision=0.8531
recall=0.7330
f1=0.7885
======================================
step: 0, loss: 0.013431970961391926
step: 10, loss: 0.052983324974775314
step: 20, loss: 0.06858871877193451
step: 30, loss: 0.0856841430068016
step: 40, loss: 0.07991987466812134
step: 50, loss: 0.011795743368566036
step: 60, loss: 0.1827567219734192
step: 70, loss: 0.12721262872219086
step: 80, loss: 0.20033913850784302
step: 90, loss: 0.23106679320335388
step: 100, loss: 0.01761985570192337
step: 110, loss: 0.0018945485353469849
step: 120, loss: 0.027306213974952698
step: 130, loss: 0.015345659106969833
step: 140, loss: 0.07283016294240952
step: 150, loss: 0.017783723771572113
step: 160, loss: 0.30981793999671936
step: 170, loss: 0.02161645144224167
step: 180, loss: 0.19074667990207672
step: 190, loss: 0.021267946809530258
step: 200, loss: 0.26265496015548706
step: 210, loss: 0.017164010554552078
step: 220, loss: 0.016882266849279404
step: 230, loss: 0.03252322971820831
step: 240, loss: 0.0024034231901168823
step: 250, loss: 0.06205148249864578
step: 260, loss: 0.038819484412670135
step: 270, loss: 0.33200982213020325
step: 280, loss: 0.07714621722698212
step: 290, loss: 0.08120477199554443
step: 300, loss: 0.018235892057418823
step: 310, loss: 0.010089967399835587
step: 320, loss: 0.20347186923027039
step: 330, loss: 0.002669539302587509
step: 340, loss: 0.01318359561264515
step: 350, loss: 0.0029815658926963806
train time:  907.2172923088074
=========eval at epoch=4=========
Validation:
======================================
accuracy=0.9593
precision=0.8077
recall=0.8155
f1=0.8116
======================================
valid time:  105.96395349502563
Test:
======================================
accuracy=0.9525
precision=0.7578
recall=0.8204
f1=0.7879
======================================
step: 0, loss: 0.11103636771440506
step: 10, loss: 0.2488022744655609
step: 20, loss: 0.033595532178878784
step: 30, loss: 0.005601059645414352
step: 40, loss: 0.017164621502161026
step: 50, loss: 0.0068599022924900055
step: 60, loss: 0.056767478585243225
step: 70, loss: 0.006802452728152275
step: 80, loss: 0.03328467905521393
step: 90, loss: 0.0042487457394599915
step: 100, loss: 0.07512244582176208
step: 110, loss: 0.07538780570030212
step: 120, loss: 0.08349961042404175
step: 130, loss: 0.11185116320848465
step: 140, loss: 0.012420224025845528
step: 150, loss: 0.06531187891960144
step: 160, loss: 0.044629763811826706
step: 170, loss: 0.25595930218696594
step: 180, loss: 0.06874074786901474
step: 190, loss: 0.06985829025506973
step: 200, loss: 0.2576536536216736
step: 210, loss: 0.18364422023296356
step: 220, loss: 0.03794191777706146
step: 230, loss: 0.00270099937915802
step: 240, loss: 0.0209017563611269
step: 250, loss: 0.012858327478170395
step: 260, loss: 0.004168583080172539
step: 270, loss: 0.013365821912884712
step: 280, loss: 0.007946114987134933
step: 290, loss: 0.06840623170137405
step: 300, loss: 0.10330940783023834
step: 310, loss: 0.014510762877762318
step: 320, loss: 0.000552251935005188
step: 330, loss: 0.0019009485840797424
step: 340, loss: 0.17916648089885712
step: 350, loss: 0.05402754247188568
train time:  909.3691139221191
=========eval at epoch=5=========
Validation:
======================================
accuracy=0.9598
precision=0.8862
recall=0.7184
f1=0.7936
======================================
valid time:  105.72413730621338
Test:
======================================
accuracy=0.9656
precision=0.9070
recall=0.7573
f1=0.8254
======================================
step: 0, loss: 0.05181869864463806
step: 10, loss: 0.0006536021828651428
step: 20, loss: 0.009294070303440094
step: 30, loss: 0.01055504847317934
step: 40, loss: 0.011817333288490772
step: 50, loss: 0.0012763068079948425
step: 60, loss: 0.04047039523720741
step: 70, loss: 0.11616082489490509
step: 80, loss: 0.00043576955795288086
step: 90, loss: 0.18015959858894348
step: 100, loss: 0.003978099673986435
step: 110, loss: 0.002088405191898346
step: 120, loss: 0.001061268150806427
step: 130, loss: 0.009411342442035675
step: 140, loss: 0.003346741199493408
step: 150, loss: 0.003353666514158249
step: 160, loss: 0.07683497667312622
step: 170, loss: 0.1883271485567093
step: 180, loss: 0.03836353123188019
step: 190, loss: 0.07058446854352951
step: 200, loss: 0.040895476937294006
step: 210, loss: 0.006057795602828264
step: 220, loss: 0.023314399644732475
step: 230, loss: 0.041004765778779984
step: 240, loss: 0.0548374243080616
step: 250, loss: 0.00028252601623535156
step: 260, loss: 0.10062092542648315
step: 270, loss: 0.011810573749244213
step: 280, loss: 0.2555701434612274
step: 290, loss: 0.05715728923678398
step: 300, loss: 0.004481734707951546
step: 310, loss: 0.0031686946749687195
step: 320, loss: 0.010616481304168701
step: 330, loss: 0.020770233124494553
step: 340, loss: 0.013055587187409401
step: 350, loss: 0.031587615609169006
train time:  912.4042210578918
=========eval at epoch=6=========
Validation:
======================================
accuracy=0.9656
precision=0.8846
recall=0.7816
f1=0.8299
======================================
valid time:  105.66913747787476
Test:
======================================
accuracy=0.9645
precision=0.8632
recall=0.7961
f1=0.8283
======================================
step: 0, loss: 0.1779623031616211
step: 10, loss: 8.225440979003906e-05
step: 20, loss: 0.00604646373540163
step: 30, loss: 0.06904762983322144
step: 40, loss: 0.0047340430319309235
step: 50, loss: 0.03646662086248398
step: 60, loss: 0.002710215747356415
step: 70, loss: 0.0017951279878616333
step: 80, loss: 0.0028268471360206604
step: 90, loss: 0.03812769800424576
step: 100, loss: 0.00041569024324417114
step: 110, loss: 0.019028713926672935
step: 120, loss: 0.0004949420690536499
step: 130, loss: 0.018479758873581886
step: 140, loss: 0.025148458778858185
step: 150, loss: 0.00039505958557128906
step: 160, loss: 0.033146560192108154
step: 170, loss: 0.06437937915325165
step: 180, loss: 0.000750906765460968
step: 190, loss: 1.1429190635681152e-05
step: 200, loss: 0.023644588887691498
step: 210, loss: 0.011094029061496258
step: 220, loss: 0.08224567770957947
step: 230, loss: 0.00107526034116745
step: 240, loss: 0.006629192270338535
step: 250, loss: 0.004254144616425037
step: 260, loss: 0.0019851401448249817
step: 270, loss: 0.041890423744916916
step: 280, loss: 0.000262528657913208
step: 290, loss: 0.02714775875210762
step: 300, loss: 0.013011102564632893
step: 310, loss: 0.003453735262155533
step: 320, loss: 0.00022996217012405396
step: 330, loss: 0.025744518265128136
step: 340, loss: 0.045289866626262665
step: 350, loss: 0.0010060667991638184
train time:  909.203341960907
=========eval at epoch=7=========
Validation:
======================================
accuracy=0.9624
precision=0.8941
recall=0.7379
f1=0.8085
======================================
valid time:  105.69059538841248
Test:
======================================
accuracy=0.9692
precision=0.9401
recall=0.7621
f1=0.8418
======================================
step: 0, loss: 0.004093162715435028
step: 10, loss: 0.17349934577941895
step: 20, loss: 0.08175331354141235
step: 30, loss: 0.018367569893598557
step: 40, loss: 0.0003885701298713684
step: 50, loss: 0.01402934081852436
step: 60, loss: 0.0022875256836414337
step: 70, loss: 0.0037751495838165283
step: 80, loss: 0.00776715949177742
step: 90, loss: 0.006202566437423229
step: 100, loss: 0.00033389031887054443
step: 110, loss: 0.06497211754322052
step: 120, loss: 0.003935538232326508
step: 130, loss: 0.0010538026690483093
step: 140, loss: 0.09898786246776581
step: 150, loss: 0.05106223747134209
step: 160, loss: 0.02141912654042244
step: 170, loss: 0.0007930099964141846
step: 180, loss: 0.0009605139493942261
step: 190, loss: 7.967650890350342e-05
step: 200, loss: 0.11982474476099014
step: 210, loss: 0.13779979944229126
step: 220, loss: 0.0006583109498023987
step: 230, loss: 0.00022798776626586914
step: 240, loss: 0.0019092410802841187
step: 250, loss: 0.00010392069816589355
step: 260, loss: 0.0071483030915260315
step: 270, loss: 0.04188745468854904
step: 280, loss: 0.012457059696316719
step: 290, loss: 0.055381618440151215
step: 300, loss: 0.0027811313048005104
step: 310, loss: 0.05899327993392944
step: 320, loss: 0.0008368641138076782
step: 330, loss: 0.0011030621826648712
step: 340, loss: 0.0006904229521751404
step: 350, loss: 0.01182092446833849
train time:  909.0498607158661
=========eval at epoch=8=========
Validation:
======================================
accuracy=0.9650
precision=0.8357
recall=0.8398
f1=0.8378
======================================
valid time:  105.74784564971924
Test:
======================================
accuracy=0.9593
precision=0.7883
recall=0.8495
f1=0.8178
======================================
step: 0, loss: 0.20075105130672455
step: 10, loss: 0.005268338602036238
step: 20, loss: 0.01779412478208542
step: 30, loss: 0.0017537586390972137
step: 40, loss: 0.0006418004631996155
step: 50, loss: 0.006806669756770134
step: 60, loss: 0.004937455058097839
step: 70, loss: 0.0015016570687294006
step: 80, loss: 0.03729691356420517
step: 90, loss: 2.3946166038513184e-05
step: 100, loss: 0.00011402368545532227
step: 110, loss: 0.024224743247032166
step: 120, loss: 0.00032658129930496216
step: 130, loss: 0.0003997534513473511
step: 140, loss: 9.015202522277832e-05
step: 150, loss: 0.006005031056702137
step: 160, loss: 0.029827825725078583
step: 170, loss: 0.0004283711314201355
step: 180, loss: 0.0021526291966438293
step: 190, loss: 0.0005522370338439941
step: 200, loss: 0.0007398165762424469
step: 210, loss: 0.0010127350687980652
step: 220, loss: 0.008038017898797989
step: 230, loss: 0.019908692687749863
step: 240, loss: 0.012351613491773605
step: 250, loss: 0.3143807053565979
step: 260, loss: 0.0001582503318786621
step: 270, loss: 0.022082991898059845
step: 280, loss: 0.000528976321220398
step: 290, loss: 0.002337424084544182
step: 300, loss: 0.007502083200961351
step: 310, loss: 0.0005840882658958435
step: 320, loss: 0.0013967528939247131
step: 330, loss: 0.005944590549916029
step: 340, loss: 0.004903210327029228
step: 350, loss: 0.0013780668377876282
train time:  918.7640137672424
=========eval at epoch=9=========
Validation:
======================================
accuracy=0.9661
precision=0.8811
recall=0.7913
f1=0.8338
======================================
valid time:  106.11792588233948
Test:
======================================
accuracy=0.9640
precision=0.8549
recall=0.8010
f1=0.8271
======================================
step: 0, loss: 0.005417400971055031
step: 10, loss: 0.01844744384288788
step: 20, loss: 0.00015249848365783691
step: 30, loss: 0.1633763462305069
step: 40, loss: 0.0030672065913677216
step: 50, loss: 0.017063604667782784
step: 60, loss: 0.0010512173175811768
step: 70, loss: 0.0017746537923812866
step: 80, loss: 0.00019328296184539795
step: 90, loss: 0.01911187544465065
step: 100, loss: 0.0004082918167114258
step: 110, loss: 0.01027760747820139
step: 120, loss: 0.012205008417367935
step: 130, loss: 0.0011985823512077332
step: 140, loss: 0.03845078498125076
step: 150, loss: 0.0009816884994506836
step: 160, loss: 0.0014191195368766785
step: 170, loss: 0.09683482348918915
step: 180, loss: 5.120038986206055e-05
step: 190, loss: 0.15559546649456024
step: 200, loss: 0.0066404761746525764
step: 210, loss: 0.01848875731229782
step: 220, loss: 0.01161609310656786
step: 230, loss: 0.00023636966943740845
step: 240, loss: 0.001298077404499054
step: 250, loss: 0.00608176039531827
step: 260, loss: 0.00036315619945526123
step: 270, loss: 0.009303916245698929
step: 280, loss: 0.00238601490855217
step: 290, loss: 9.900331497192383e-05
step: 300, loss: 0.04833114892244339
step: 310, loss: 0.0003503933548927307
step: 320, loss: 0.0018637366592884064
step: 330, loss: 0.0010510608553886414
step: 340, loss: 0.00011418759822845459
step: 350, loss: 0.019237682223320007
train time:  918.7689037322998
=========eval at epoch=10=========
Validation:
======================================
accuracy=0.9650
precision=0.8757
recall=0.7864
f1=0.8286
======================================
valid time:  106.6281065940857
Test:
======================================
accuracy=0.9640
precision=0.8586
recall=0.7961
f1=0.8262
======================================
