Device cuda
step: 0, loss: 1.0880553722381592
step: 10, loss: 0.3435518145561218
step: 20, loss: 0.5449707508087158
step: 30, loss: 0.45784568786621094
step: 40, loss: 0.47963500022888184
step: 50, loss: 0.3184465765953064
step: 60, loss: 0.30600252747535706
step: 70, loss: 0.30890265107154846
step: 80, loss: 0.3597080111503601
step: 90, loss: 0.3693538010120392
step: 100, loss: 0.14515060186386108
step: 110, loss: 0.18070843815803528
step: 120, loss: 0.02287261188030243
step: 130, loss: 0.02977120690047741
step: 140, loss: 0.1501973420381546
step: 150, loss: 0.10170571506023407
step: 160, loss: 0.14840340614318848
step: 170, loss: 0.10068988800048828
step: 180, loss: 0.03450548276305199
step: 190, loss: 0.031182244420051575
step: 200, loss: 0.05670903995633125
step: 210, loss: 0.0044428035616874695
step: 220, loss: 0.013806447386741638
step: 230, loss: 0.08070491999387741
step: 240, loss: 0.48778975009918213
step: 250, loss: 0.08523311465978622
step: 260, loss: 0.11450747400522232
step: 270, loss: 0.025635704398155212
step: 280, loss: 0.009968772530555725
step: 290, loss: 0.17613141238689423
step: 300, loss: 0.16616646945476532
step: 310, loss: 0.036679260432720184
step: 320, loss: 0.014622902497649193
step: 330, loss: 0.016732195392251015
step: 340, loss: 0.12630540132522583
step: 350, loss: 0.1875056028366089
step: 360, loss: 0.021901654079556465
step: 370, loss: 0.02873269096016884
step: 380, loss: 0.013654924929141998
step: 390, loss: 0.028178822249174118
step: 400, loss: 0.10048625618219376
step: 410, loss: 0.1137908548116684
step: 420, loss: 0.011492185294628143
step: 430, loss: 0.044910382479429245
step: 440, loss: 0.024186808615922928
step: 450, loss: 0.07916785776615143
step: 460, loss: 0.030667230486869812
step: 470, loss: 0.2113368809223175
step: 480, loss: 0.06886789947748184
step: 490, loss: 0.04054420813918114
step: 500, loss: 0.0220600888133049
step: 510, loss: 0.015856800600886345
step: 520, loss: 0.24052253365516663
step: 530, loss: 0.19485415518283844
step: 540, loss: 0.19012963771820068
step: 550, loss: 0.030869632959365845
step: 560, loss: 0.17679987847805023
step: 570, loss: 0.024461783468723297
step: 580, loss: 0.2679911255836487
step: 590, loss: 0.014553532004356384
step: 600, loss: 0.1498204469680786
step: 610, loss: 0.30825212597846985
step: 620, loss: 0.005373187363147736
step: 630, loss: 0.04662686213850975
step: 640, loss: 0.03121986612677574
step: 650, loss: 0.018001554533839226
step: 660, loss: 0.004720896482467651
step: 670, loss: 0.1519845426082611
step: 680, loss: 0.06638196110725403
step: 690, loss: 0.19962531328201294
step: 700, loss: 0.08696608990430832
step: 710, loss: 0.00940733402967453
step: 720, loss: 0.006265386939048767
step: 730, loss: 0.002190828323364258
step: 740, loss: 0.15042918920516968
step: 750, loss: 0.010672148317098618
step: 760, loss: 0.14128558337688446
step: 770, loss: 0.08320236951112747
step: 780, loss: 0.03456565737724304
step: 790, loss: 0.05090842396020889
step: 800, loss: 0.017601266503334045
step: 810, loss: 0.01661386340856552
step: 820, loss: 0.09880730509757996
step: 830, loss: 0.0487729087471962
step: 840, loss: 0.12663711607456207
step: 850, loss: 0.007001951336860657
step: 860, loss: 0.006598111242055893
step: 870, loss: 0.12554897367954254
step: 880, loss: 0.03444741666316986
step: 890, loss: 0.14143207669258118
step: 900, loss: 0.05170590430498123
step: 910, loss: 0.02271209843456745
step: 920, loss: 0.3760699927806854
step: 930, loss: 0.09426508843898773
step: 940, loss: 0.0037490874528884888
step: 950, loss: 0.011299069970846176
step: 960, loss: 0.028571896255016327
step: 970, loss: 0.0011286661028862
step: 980, loss: 0.24227328598499298
step: 990, loss: 0.0032187849283218384
step: 1000, loss: 0.29263922572135925
step: 1010, loss: 0.004497818648815155
step: 1020, loss: 0.006021969020366669
step: 1030, loss: 0.23901811242103577
step: 1040, loss: 0.15066365897655487
step: 1050, loss: 0.020310843363404274
step: 1060, loss: 0.010298352688550949
step: 1070, loss: 0.001161813735961914
train time:  1462.7132620811462
=========eval at epoch=1=========
Validation:
======================================
accuracy=0.9707
precision=0.9892
recall=0.8523
f1=0.9157
======================================
valid time:  177.58355975151062
Test:
======================================
accuracy=0.9660
precision=0.9792
recall=0.8355
f1=0.9017
======================================
step: 0, loss: 0.024582646787166595
step: 10, loss: 0.018359731882810593
step: 20, loss: 0.4231624901294708
step: 30, loss: 0.06876327097415924
step: 40, loss: 0.03379973769187927
step: 50, loss: 0.011754525825381279
step: 60, loss: 0.020257867872714996
step: 70, loss: 0.010354138910770416
step: 80, loss: 0.029535576701164246
step: 90, loss: 0.005338720977306366
step: 100, loss: 0.0049315765500068665
step: 110, loss: 0.008858352899551392
step: 120, loss: 0.004433155059814453
step: 130, loss: 0.09866949915885925
step: 140, loss: 0.05240626260638237
step: 150, loss: 0.00973503291606903
step: 160, loss: 0.020887576043605804
step: 170, loss: 0.015777908265590668
step: 180, loss: 0.17981499433517456
step: 190, loss: 0.06776795536279678
step: 200, loss: 0.2933736741542816
step: 210, loss: 0.29979169368743896
step: 220, loss: 0.02637190744280815
step: 230, loss: 0.010033921338617802
step: 240, loss: 0.04633583873510361
step: 250, loss: 0.049369364976882935
step: 260, loss: 0.17998313903808594
step: 270, loss: 0.20254306495189667
step: 280, loss: 0.011778979562222958
step: 290, loss: 0.17276890575885773
step: 300, loss: 0.0033834129571914673
step: 310, loss: 0.004604674875736237
step: 320, loss: 0.003778267651796341
step: 330, loss: 0.002991538494825363
step: 340, loss: 0.04625503346323967
step: 350, loss: 0.0026335492730140686
step: 360, loss: 0.04608510807156563
step: 370, loss: 0.02045629918575287
step: 380, loss: 0.020200412720441818
step: 390, loss: 0.06688892841339111
step: 400, loss: 0.001864790916442871
step: 410, loss: 0.1466006338596344
step: 420, loss: 0.014420215040445328
step: 430, loss: 0.05276146158576012
step: 440, loss: 0.11810485273599625
step: 450, loss: 0.05143161863088608
step: 460, loss: 0.1429540365934372
step: 470, loss: 0.00949360616505146
step: 480, loss: 0.19496464729309082
step: 490, loss: 0.0024601444602012634
step: 500, loss: 0.0024228468537330627
step: 510, loss: 0.007100667804479599
step: 520, loss: 0.03756653517484665
step: 530, loss: 0.3904743492603302
step: 540, loss: 0.18804562091827393
step: 550, loss: 0.26478472352027893
step: 560, loss: 0.17977449297904968
step: 570, loss: 0.013857206329703331
step: 580, loss: 0.02456217259168625
step: 590, loss: 0.0030958950519561768
step: 600, loss: 0.0838453471660614
step: 610, loss: 0.044641461223363876
step: 620, loss: 0.06236490607261658
step: 630, loss: 0.009998876601457596
step: 640, loss: 0.0009922236204147339
step: 650, loss: 0.02975357323884964
step: 660, loss: 0.0195698793977499
step: 670, loss: 0.1176312193274498
step: 680, loss: 0.051388099789619446
step: 690, loss: 0.02389075979590416
step: 700, loss: 0.025922013446688652
step: 710, loss: 0.007998429238796234
step: 720, loss: 0.007468946278095245
step: 730, loss: 0.07740668952465057
step: 740, loss: 0.019063778221607208
step: 750, loss: 0.010530335828661919
step: 760, loss: 0.18855084478855133
step: 770, loss: 0.008276242762804031
step: 780, loss: 0.0008952915668487549
step: 790, loss: 0.01616414077579975
step: 800, loss: 0.019025200977921486
step: 810, loss: 0.04298436641693115
step: 820, loss: 0.01089407131075859
step: 830, loss: 0.011760503053665161
step: 840, loss: 0.008690863847732544
step: 850, loss: 0.004306327551603317
step: 860, loss: 0.1092742532491684
step: 870, loss: 0.01688544452190399
step: 880, loss: 0.0021317675709724426
step: 890, loss: 0.012487988919019699
step: 900, loss: 0.004689142107963562
step: 910, loss: 0.003935649991035461
step: 920, loss: 0.028146900236606598
step: 930, loss: 0.007553994655609131
step: 940, loss: 0.00993257388472557
step: 950, loss: 0.006850013509392738
step: 960, loss: 0.007364340126514435
step: 970, loss: 0.02577521838247776
step: 980, loss: 0.0344819650053978
step: 990, loss: 0.0006733834743499756
step: 1000, loss: 0.005366615951061249
step: 1010, loss: 0.04282817989587784
step: 1020, loss: 0.006928868591785431
step: 1030, loss: 0.01617756485939026
step: 1040, loss: 0.08785092830657959
step: 1050, loss: 0.031745705753564835
step: 1060, loss: 0.02342478558421135
step: 1070, loss: 0.011619411408901215
train time:  1461.4109153747559
=========eval at epoch=2=========
Validation:
======================================
accuracy=0.9801
precision=0.9714
recall=0.9206
f1=0.9453
======================================
valid time:  177.26658010482788
Test:
======================================
accuracy=0.9768
precision=0.9625
recall=0.9112
f1=0.9361
======================================
step: 0, loss: 0.001237243413925171
step: 10, loss: 0.05404242128133774
step: 20, loss: 0.05233479663729668
step: 30, loss: 0.11453909426927567
step: 40, loss: 0.0027920976281166077
step: 50, loss: 0.06766597181558609
step: 60, loss: 0.030900944024324417
step: 70, loss: 0.009784005582332611
step: 80, loss: 0.013281520456075668
step: 90, loss: 0.0013465732336044312
step: 100, loss: 0.013125604018568993
step: 110, loss: 0.004746473394334316
step: 120, loss: 0.0009377151727676392
step: 130, loss: 0.24332880973815918
step: 140, loss: 0.09229366481304169
step: 150, loss: 0.00024791061878204346
step: 160, loss: 0.0009946376085281372
step: 170, loss: 0.0027716606855392456
step: 180, loss: 0.007695673033595085
step: 190, loss: 0.20164716243743896
step: 200, loss: 0.002846434712409973
step: 210, loss: 0.00046043097972869873
step: 220, loss: 0.042741935700178146
step: 230, loss: 0.0006228834390640259
step: 240, loss: 0.0009181797504425049
step: 250, loss: 0.001370251178741455
step: 260, loss: 0.015713941305875778
step: 270, loss: 0.05484691262245178
step: 280, loss: 0.013261303305625916
step: 290, loss: 0.033932846039533615
step: 300, loss: 0.054386697709560394
step: 310, loss: 0.026370549574494362
step: 320, loss: 0.0011347532272338867
step: 330, loss: 0.005173355340957642
step: 340, loss: 0.002565324306488037
step: 350, loss: 0.08723068237304688
step: 360, loss: 0.0041824206709861755
step: 370, loss: 0.01109594851732254
step: 380, loss: 0.15992529690265656
step: 390, loss: 0.0023515820503234863
step: 400, loss: 0.0017941594123840332
step: 410, loss: 0.006622523069381714
step: 420, loss: 0.011397678405046463
step: 430, loss: 0.0018545836210250854
step: 440, loss: 0.0034905672073364258
step: 450, loss: 0.010434694588184357
step: 460, loss: 0.0160054974257946
step: 470, loss: 0.004209801554679871
step: 480, loss: 0.035915423184633255
step: 490, loss: 0.00354207307100296
step: 500, loss: 0.0026460066437721252
step: 510, loss: 0.026442185044288635
step: 520, loss: 0.010575741529464722
step: 530, loss: 0.003504917025566101
step: 540, loss: 0.17523382604122162
step: 550, loss: 0.004172772169113159
step: 560, loss: 0.04473404586315155
step: 570, loss: 0.005048483610153198
step: 580, loss: 0.007321186363697052
step: 590, loss: 0.007672809064388275
step: 600, loss: 0.003384791314601898
step: 610, loss: 0.20683468878269196
step: 620, loss: 0.033641569316387177
step: 630, loss: 0.0010398775339126587
step: 640, loss: 0.0013660341501235962
step: 650, loss: 0.007150966674089432
step: 660, loss: 0.005322940647602081
step: 670, loss: 0.002500288188457489
step: 680, loss: 0.31177210807800293
step: 690, loss: 0.04561617597937584
step: 700, loss: 0.09476960450410843
step: 710, loss: 0.0016701072454452515
step: 720, loss: 0.02914300002157688
step: 730, loss: 0.035147834569215775
step: 740, loss: 0.006701089441776276
step: 750, loss: 0.029251623898744583
step: 760, loss: 0.004297293722629547
step: 770, loss: 0.004094693809747696
step: 780, loss: 0.011528566479682922
step: 790, loss: 0.028459319844841957
step: 800, loss: 0.0019930601119995117
step: 810, loss: 0.002811335027217865
step: 820, loss: 0.16367635130882263
step: 830, loss: 0.0013340413570404053
step: 840, loss: 0.014025906100869179
step: 850, loss: 0.0035515502095222473
step: 860, loss: 0.0005548149347305298
step: 870, loss: 0.004411637783050537
step: 880, loss: 0.0003073066473007202
step: 890, loss: 0.007730104029178619
step: 900, loss: 0.0007533133029937744
step: 910, loss: 0.005919141694903374
step: 920, loss: 0.0022074878215789795
step: 930, loss: 0.014275029301643372
step: 940, loss: 0.07515771687030792
step: 950, loss: 0.028114479035139084
step: 960, loss: 0.008503926917910576
step: 970, loss: 0.00042048096656799316
step: 980, loss: 0.0029251351952552795
step: 990, loss: 0.005472272634506226
step: 1000, loss: 0.0006071925163269043
step: 1010, loss: 0.0050990283489227295
step: 1020, loss: 0.005705133080482483
step: 1030, loss: 0.04351697117090225
step: 1040, loss: 0.006647616624832153
step: 1050, loss: 0.003433629870414734
step: 1060, loss: 0.012273777276277542
step: 1070, loss: 0.018911730498075485
train time:  1461.7556974887848
=========eval at epoch=3=========
Validation:
======================================
accuracy=0.9836
precision=0.9803
recall=0.9308
f1=0.9549
======================================
valid time:  177.2276725769043
Test:
======================================
accuracy=0.9788
precision=0.9611
recall=0.9234
f1=0.9418
======================================
step: 0, loss: 0.0018657371401786804
step: 10, loss: 0.2124968022108078
step: 20, loss: 0.007778622210025787
step: 30, loss: 0.03643392026424408
step: 40, loss: 0.012099169194698334
step: 50, loss: 0.02545538917183876
step: 60, loss: 0.0018552020192146301
step: 70, loss: 0.002144947648048401
step: 80, loss: 0.0020057857036590576
step: 90, loss: 0.005198139697313309
step: 100, loss: 0.004176922142505646
step: 110, loss: 0.009330730885267258
step: 120, loss: 0.026650868356227875
step: 130, loss: 0.025268996134400368
step: 140, loss: 0.16950415074825287
step: 150, loss: 0.002390719950199127
step: 160, loss: 3.0443072319030762e-05
step: 170, loss: 0.017476439476013184
step: 180, loss: 0.03788832202553749
step: 190, loss: 0.00015331804752349854
step: 200, loss: 0.021437160670757294
step: 210, loss: 0.13504427671432495
step: 220, loss: 0.013717572204768658
step: 230, loss: 0.006595291197299957
step: 240, loss: 0.039422955363988876
step: 250, loss: 0.002942308783531189
step: 260, loss: 0.008151788264513016
step: 270, loss: 0.008081134408712387
step: 280, loss: 0.0030567534267902374
step: 290, loss: 0.03924359753727913
step: 300, loss: 0.14723551273345947
step: 310, loss: 0.0038836002349853516
step: 320, loss: 0.003673447296023369
step: 330, loss: 0.09072262048721313
step: 340, loss: 0.010167469270527363
step: 350, loss: 0.0008856207132339478
step: 360, loss: 0.0012319311499595642
step: 370, loss: 0.0011364072561264038
step: 380, loss: 0.00027489662170410156
step: 390, loss: 0.0038743168115615845
step: 400, loss: 0.017039021477103233
step: 410, loss: 0.008586596697568893
step: 420, loss: 0.013781905174255371
step: 430, loss: 0.00017014145851135254
step: 440, loss: 0.00046340376138687134
step: 450, loss: 0.022063642740249634
step: 460, loss: 0.06453132629394531
step: 470, loss: 0.000450819730758667
step: 480, loss: 0.00019346177577972412
step: 490, loss: 0.010242268443107605
step: 500, loss: 0.022602997720241547
step: 510, loss: 8.26716423034668e-05
step: 520, loss: 0.0012460686266422272
step: 530, loss: 0.44008350372314453
step: 540, loss: 0.009773578494787216
step: 550, loss: 0.01630653627216816
step: 560, loss: 0.00033611059188842773
step: 570, loss: 0.0005501210689544678
step: 580, loss: 0.1434267908334732
step: 590, loss: 0.02279980294406414
step: 600, loss: 0.00018233060836791992
step: 610, loss: 0.002768486738204956
step: 620, loss: 0.26245781779289246
step: 630, loss: 0.0007905960083007812
step: 640, loss: 0.0001013725996017456
step: 650, loss: 0.0063766613602638245
step: 660, loss: 0.0072824908420443535
step: 670, loss: 0.0020032599568367004
step: 680, loss: 0.0003398209810256958
step: 690, loss: 0.010044395923614502
step: 700, loss: 0.033370837569236755
step: 710, loss: 0.004833877086639404
step: 720, loss: 0.004010096192359924
step: 730, loss: 0.003038063645362854
step: 740, loss: 0.006084378808736801
step: 750, loss: 0.00109843909740448
step: 760, loss: 0.00695093534886837
step: 770, loss: 0.001944802701473236
step: 780, loss: 0.016520120203495026
step: 790, loss: 0.000977545976638794
step: 800, loss: 0.0055748336017131805
step: 810, loss: 0.005094435065984726
step: 820, loss: 0.016091162338852882
step: 830, loss: 0.0008831918239593506
step: 840, loss: 0.002967730164527893
step: 850, loss: 0.00018835067749023438
step: 860, loss: 0.0018182694911956787
step: 870, loss: 0.0018914267420768738
step: 880, loss: 0.0035345181822776794
step: 890, loss: 0.0020269379019737244
step: 900, loss: 0.06104138121008873
step: 910, loss: 0.0008580535650253296
step: 920, loss: 0.010011706501245499
step: 930, loss: 0.0017144754528999329
step: 940, loss: 4.035234451293945e-05
step: 950, loss: 0.007556844502687454
step: 960, loss: 0.05184091255068779
step: 970, loss: 0.0013318359851837158
step: 980, loss: 0.005227535963058472
step: 990, loss: 0.0016863644123077393
step: 1000, loss: 0.0005271434783935547
step: 1010, loss: 0.011871632188558578
step: 1020, loss: 0.04452343285083771
step: 1030, loss: 0.0017696395516395569
step: 1040, loss: 0.003316245973110199
step: 1050, loss: 0.001230485737323761
step: 1060, loss: 0.0004985854029655457
step: 1070, loss: 0.03227679431438446
train time:  1461.8210384845734
=========eval at epoch=4=========
Validation:
======================================
accuracy=0.9774
precision=0.9108
recall=0.9738
f1=0.9413
======================================
valid time:  177.4635627269745
Test:
======================================
accuracy=0.9782
precision=0.9127
recall=0.9766
f1=0.9436
======================================
step: 0, loss: 0.030815431848168373
step: 10, loss: 0.001107141375541687
step: 20, loss: 0.0011721551418304443
step: 30, loss: 0.002671845257282257
step: 40, loss: 0.043661728501319885
step: 50, loss: 0.0003723651170730591
step: 60, loss: 0.030489742755889893
step: 70, loss: 0.0035104751586914062
step: 80, loss: 0.002971865236759186
step: 90, loss: 0.005442764610052109
step: 100, loss: 0.360775887966156
step: 110, loss: 0.006281942129135132
step: 120, loss: 0.008426878601312637
step: 130, loss: 0.0029116570949554443
step: 140, loss: 0.008743692189455032
step: 150, loss: 0.0002520829439163208
step: 160, loss: 0.0048006027936935425
step: 170, loss: 0.006893374025821686
step: 180, loss: 0.11452415585517883
step: 190, loss: 0.00388249009847641
step: 200, loss: 0.002880580723285675
step: 210, loss: 0.0004930049180984497
step: 220, loss: 0.00019408762454986572
step: 230, loss: 0.0003095269203186035
step: 240, loss: 0.03066798858344555
step: 250, loss: 0.0003342926502227783
step: 260, loss: 0.5757967233657837
step: 270, loss: 0.0007900074124336243
step: 280, loss: 0.0005557537078857422
step: 290, loss: 0.043580859899520874
step: 300, loss: 0.0001749098300933838
step: 310, loss: 0.0013381242752075195
step: 320, loss: 0.12384714186191559
step: 330, loss: 0.012068575248122215
step: 340, loss: 0.0038203224539756775
step: 350, loss: 0.00022779405117034912
step: 360, loss: 0.00025716423988342285
step: 370, loss: 0.0010500401258468628
step: 380, loss: 0.0001703500747680664
step: 390, loss: 0.0003474205732345581
step: 400, loss: 0.002364523708820343
step: 410, loss: 0.00030559301376342773
step: 420, loss: 0.001401655375957489
step: 430, loss: 7.66068696975708e-05
step: 440, loss: 0.002938009798526764
step: 450, loss: 0.00016330182552337646
step: 460, loss: 0.002578742802143097
step: 470, loss: 0.0013994276523590088
step: 480, loss: 0.0006094574928283691
step: 490, loss: 0.028327148407697678
step: 500, loss: 0.002959713339805603
step: 510, loss: 0.0009265393018722534
step: 520, loss: 0.001875750720500946
step: 530, loss: 0.054015327244997025
step: 540, loss: 0.011595366522669792
step: 550, loss: 0.0037639476358890533
step: 560, loss: 0.019220860674977303
step: 570, loss: 0.001735001802444458
step: 580, loss: 0.0008404254913330078
step: 590, loss: 0.01203898899257183
step: 600, loss: 0.00048761069774627686
step: 610, loss: 0.3340766429901123
step: 620, loss: 0.03849225863814354
step: 630, loss: 0.0030330270528793335
step: 640, loss: 0.10874293744564056
step: 650, loss: 0.008229495957493782
step: 660, loss: 0.008437711745500565
step: 670, loss: 0.0017601847648620605
step: 680, loss: 0.0027192607522010803
step: 690, loss: 0.001057550311088562
step: 700, loss: 0.0006281957030296326
step: 710, loss: 0.004824817180633545
step: 720, loss: 8.45491886138916e-05
step: 730, loss: 0.004800066351890564
step: 740, loss: 0.00017805397510528564
step: 750, loss: 0.000398293137550354
step: 760, loss: 0.00031347572803497314
step: 770, loss: 0.0028970837593078613
step: 780, loss: 0.0006778240203857422
step: 790, loss: 0.0036747418344020844
step: 800, loss: 0.0001808851957321167
step: 810, loss: 0.02795260399580002
step: 820, loss: 0.0001726299524307251
step: 830, loss: 0.0006790682673454285
step: 840, loss: 0.005591794848442078
step: 850, loss: 0.00019378960132598877
step: 860, loss: 0.00148763507604599
step: 870, loss: 0.01430724561214447
step: 880, loss: 0.00030778348445892334
step: 890, loss: 0.016319993883371353
step: 900, loss: 0.0014435797929763794
step: 910, loss: 0.000842750072479248
step: 920, loss: 0.6563042402267456
step: 930, loss: 0.001826465129852295
step: 940, loss: 0.001392599195241928
step: 950, loss: 0.08471410721540451
step: 960, loss: 0.026974767446517944
step: 970, loss: 0.04677523300051689
step: 980, loss: 0.0004130750894546509
step: 990, loss: 0.0004170835018157959
step: 1000, loss: 0.00020162761211395264
step: 1010, loss: 0.00016225874423980713
step: 1020, loss: 0.0002620220184326172
step: 1030, loss: 0.011548876762390137
step: 1040, loss: 0.00019091367721557617
step: 1050, loss: 0.0026187188923358917
step: 1060, loss: 0.0035303235054016113
step: 1070, loss: 2.2739171981811523e-05
train time:  1462.242761850357
=========eval at epoch=5=========
Validation:
======================================
accuracy=0.9810
precision=0.9616
recall=0.9355
f1=0.9484
======================================
valid time:  177.6410312652588
Test:
======================================
accuracy=0.9808
precision=0.9571
recall=0.9393
f1=0.9481
======================================
step: 0, loss: 0.00046227872371673584
step: 10, loss: 0.0005804896354675293
step: 20, loss: 0.0029869601130485535
step: 30, loss: 0.0003670006990432739
step: 40, loss: 0.0017962977290153503
step: 50, loss: 0.07514158636331558
step: 60, loss: 0.1993381828069687
step: 70, loss: 0.0001119077205657959
step: 80, loss: 0.0005686581134796143
step: 90, loss: 6.945431232452393e-05
step: 100, loss: 0.006591975688934326
step: 110, loss: 0.006223414093255997
step: 120, loss: 0.002284042537212372
step: 130, loss: 0.0281243734061718
step: 140, loss: 0.0005476325750350952
step: 150, loss: 0.00010073184967041016
step: 160, loss: 0.006317052990198135
step: 170, loss: 0.001858726143836975
step: 180, loss: 0.00011494755744934082
step: 190, loss: 0.0007863342761993408
step: 200, loss: 0.000157281756401062
step: 210, loss: 0.0003143399953842163
step: 220, loss: 0.03318123519420624
step: 230, loss: 0.00011071562767028809
step: 240, loss: 0.0013323351740837097
step: 250, loss: 2.2411346435546875e-05
step: 260, loss: 0.0004942864179611206
step: 270, loss: 0.000731736421585083
step: 280, loss: 0.0002487599849700928
step: 290, loss: 0.0005494356155395508
step: 300, loss: 0.00011356174945831299
step: 310, loss: 0.017536597326397896
step: 320, loss: 0.001663893461227417
step: 330, loss: 1.0222196578979492e-05
step: 340, loss: 0.19194328784942627
step: 350, loss: 0.0009182989597320557
step: 360, loss: 0.0008891969919204712
step: 370, loss: 0.00039187073707580566
step: 380, loss: 0.0006306618452072144
step: 390, loss: 0.0002468377351760864
step: 400, loss: 0.1008426696062088
step: 410, loss: 0.0014101266860961914
step: 420, loss: 0.003092460334300995
step: 430, loss: 0.006723716855049133
step: 440, loss: 0.005736123770475388
step: 450, loss: 0.05119587481021881
step: 460, loss: 0.0006356760859489441
step: 470, loss: 0.00974036194384098
step: 480, loss: 0.2694922387599945
step: 490, loss: 4.8488378524780273e-05
step: 500, loss: 0.002782568335533142
step: 510, loss: 0.0007172673940658569
step: 520, loss: 0.00012770295143127441
step: 530, loss: 3.21120023727417e-05
step: 540, loss: 0.000269085168838501
step: 550, loss: 0.00044639408588409424
step: 560, loss: 0.0006999000906944275
step: 570, loss: 0.00046540796756744385
step: 580, loss: 0.10840346664190292
step: 590, loss: 0.0001825094223022461
step: 600, loss: 0.0003581717610359192
step: 610, loss: 0.00027382373809814453
step: 620, loss: 0.0003668442368507385
step: 630, loss: 7.605552673339844e-05
step: 640, loss: 0.00029508769512176514
step: 650, loss: 0.0011891499161720276
step: 660, loss: 5.237758159637451e-05
step: 670, loss: 0.00019027292728424072
step: 680, loss: 0.000814288854598999
step: 690, loss: 0.006978929042816162
step: 700, loss: 0.008061159402132034
step: 710, loss: 0.00021849572658538818
step: 720, loss: 0.0002132207155227661
step: 730, loss: 0.00018998980522155762
step: 740, loss: 0.0007492676377296448
step: 750, loss: 0.041126251220703125
step: 760, loss: 0.007443595677614212
step: 770, loss: 0.0002935826778411865
step: 780, loss: 0.006670739501714706
step: 790, loss: 0.02443193830549717
step: 800, loss: 0.00241146981716156
step: 810, loss: 0.08047692477703094
step: 820, loss: 0.20081306993961334
step: 830, loss: 0.00030428171157836914
step: 840, loss: 0.0006764531135559082
step: 850, loss: 0.017696509137749672
step: 860, loss: 0.0002377033233642578
step: 870, loss: 0.0008356571197509766
step: 880, loss: 0.0004276186227798462
step: 890, loss: 0.00015211105346679688
step: 900, loss: 0.0018179751932621002
step: 910, loss: 0.0015811175107955933
step: 920, loss: 0.00030675530433654785
step: 930, loss: 0.0005590617656707764
step: 940, loss: 0.263636976480484
step: 950, loss: 0.0008857846260070801
step: 960, loss: 0.03152432665228844
step: 970, loss: 0.00015288591384887695
step: 980, loss: 0.00043326616287231445
step: 990, loss: 0.0006759539246559143
step: 1000, loss: 0.31034547090530396
step: 1010, loss: 0.007942251861095428
step: 1020, loss: 0.002842165529727936
step: 1030, loss: 0.0024662762880325317
step: 1040, loss: 0.010547515004873276
step: 1050, loss: 0.0003162771463394165
step: 1060, loss: 1.990795135498047e-05
step: 1070, loss: 0.007520703598856926
train time:  1467.1991052627563
=========eval at epoch=6=========
Validation:
======================================
accuracy=0.9819
precision=0.9439
recall=0.9598
f1=0.9518
======================================
valid time:  177.58421230316162
Test:
======================================
accuracy=0.9810
precision=0.9341
recall=0.9664
f1=0.9499
======================================
step: 0, loss: 0.013116300106048584
step: 10, loss: 0.0006827116012573242
step: 20, loss: 0.007073119282722473
step: 30, loss: 0.01188839040696621
step: 40, loss: 0.00010311603546142578
step: 50, loss: 0.0021730363368988037
step: 60, loss: 5.081295967102051e-05
step: 70, loss: 0.000315740704536438
step: 80, loss: 0.00048433244228363037
step: 90, loss: 0.0009966343641281128
step: 100, loss: 0.0018804743885993958
step: 110, loss: 3.975629806518555e-05
step: 120, loss: 0.00013674795627593994
step: 130, loss: 0.03153447061777115
step: 140, loss: 0.004186704754829407
step: 150, loss: 0.0013995766639709473
step: 160, loss: 0.0019170641899108887
step: 170, loss: 4.684925079345703e-05
step: 180, loss: 0.00038780272006988525
step: 190, loss: 4.589557647705078e-06
step: 200, loss: 0.0002683401107788086
step: 210, loss: 0.0001981109380722046
step: 220, loss: 0.01410791464149952
step: 230, loss: 0.00177823007106781
step: 240, loss: 0.000481337308883667
step: 250, loss: 0.0003655552864074707
step: 260, loss: 6.365776062011719e-05
step: 270, loss: 0.03223638981580734
step: 280, loss: 9.69916582107544e-05
step: 290, loss: 0.0015241503715515137
step: 300, loss: 0.00011335313320159912
step: 310, loss: 9.47713851928711e-06
step: 320, loss: 0.0004803389310836792
step: 330, loss: 0.058906976133584976
step: 340, loss: 0.004489369690418243
step: 350, loss: 0.0012381374835968018
step: 360, loss: 2.516806125640869e-05
step: 370, loss: 0.000217437744140625
step: 380, loss: 0.0007163211703300476
step: 390, loss: 0.003601484000682831
step: 400, loss: 0.00026462972164154053
step: 410, loss: 0.00010307133197784424
step: 420, loss: 0.00011160969734191895
step: 430, loss: 0.00014235079288482666
step: 440, loss: 6.920099258422852e-05
step: 450, loss: 2.9712915420532227e-05
step: 460, loss: 0.0003928542137145996
step: 470, loss: 0.02235722541809082
step: 480, loss: 0.0025854110717773438
step: 490, loss: 0.022249072790145874
step: 500, loss: 0.0017863549292087555
step: 510, loss: 0.07388931512832642
step: 520, loss: 2.065300941467285e-05
step: 530, loss: 0.004495684057474136
step: 540, loss: 0.10287897288799286
step: 550, loss: 0.024110279977321625
step: 560, loss: 0.0019393712282180786
step: 570, loss: 0.0018722116947174072
step: 580, loss: 0.0008018016815185547
step: 590, loss: 0.00048044323921203613
step: 600, loss: 0.0019994303584098816
step: 610, loss: 0.002621278166770935
step: 620, loss: 1.1026859283447266e-05
step: 630, loss: 0.00466618686914444
step: 640, loss: 1.9222497940063477e-05
step: 650, loss: 0.09550517797470093
step: 660, loss: 0.00017580389976501465
step: 670, loss: 0.001674354076385498
step: 680, loss: 0.00021682679653167725
step: 690, loss: 0.00018128752708435059
step: 700, loss: 0.0008504241704940796
step: 710, loss: 0.025660639628767967
step: 720, loss: 0.007105004042387009
step: 730, loss: 0.00032939016819000244
step: 740, loss: 0.0011834800243377686
step: 750, loss: 0.0010562539100646973
step: 760, loss: 0.000543057918548584
step: 770, loss: 0.008652403950691223
step: 780, loss: 0.00023965537548065186
step: 790, loss: 0.00010134279727935791
step: 800, loss: 2.5957822799682617e-05
step: 810, loss: 0.0004945248365402222
step: 820, loss: 0.00026550889015197754
step: 830, loss: 0.0003893822431564331
step: 840, loss: 0.0005303844809532166
step: 850, loss: 7.987022399902344e-05
step: 860, loss: 0.0013476312160491943
step: 870, loss: 0.0010360777378082275
step: 880, loss: 0.0015951618552207947
step: 890, loss: 2.3752450942993164e-05
step: 900, loss: 0.0009147301316261292
step: 910, loss: 0.0013030320405960083
step: 920, loss: 0.0023683086037635803
step: 930, loss: 0.00040021538734436035
step: 940, loss: 0.00019918382167816162
step: 950, loss: 2.7492642402648926e-05
step: 960, loss: 0.004340209066867828
step: 970, loss: 0.0007403343915939331
step: 980, loss: 0.001176401972770691
step: 990, loss: 0.0014749392867088318
step: 1000, loss: 0.002128906548023224
step: 1010, loss: 0.00025790929794311523
step: 1020, loss: 0.001731283962726593
step: 1030, loss: 0.0019331425428390503
step: 1040, loss: 0.0016800761222839355
step: 1050, loss: 1.0102987289428711e-05
step: 1060, loss: 2.0951032638549805e-05
step: 1070, loss: 0.00017175078392028809
train time:  1467.6303968429565
=========eval at epoch=7=========
Validation:
======================================
accuracy=0.9833
precision=0.9603
recall=0.9495
f1=0.9549
======================================
valid time:  177.1526746749878
Test:
======================================
accuracy=0.9814
precision=0.9496
recall=0.9505
f1=0.9500
======================================
step: 0, loss: 0.007628332823514938
step: 10, loss: 0.0006719231605529785
step: 20, loss: 0.0007801279425621033
step: 30, loss: 0.0001468956470489502
step: 40, loss: 0.00014440715312957764
step: 50, loss: 5.5477023124694824e-05
step: 60, loss: 0.005307674407958984
step: 70, loss: 0.00012990832328796387
step: 80, loss: 6.924569606781006e-05
step: 90, loss: 9.809434413909912e-05
step: 100, loss: 8.249282836914062e-05
step: 110, loss: 0.000186040997505188
step: 120, loss: 0.00011515617370605469
step: 130, loss: 0.0005751848220825195
step: 140, loss: 3.8504600524902344e-05
step: 150, loss: 0.0009010136127471924
step: 160, loss: 0.0007930845022201538
step: 170, loss: 0.00040112435817718506
step: 180, loss: 0.0008655712008476257
step: 190, loss: 1.958012580871582e-05
step: 200, loss: 2.2143125534057617e-05
step: 210, loss: 0.022012438625097275
step: 220, loss: 0.0006270259618759155
step: 230, loss: 0.00012025237083435059
step: 240, loss: 0.006439000368118286
step: 250, loss: 0.0012742877006530762
step: 260, loss: 0.0052926987409591675
step: 270, loss: 5.5849552154541016e-05
step: 280, loss: 1.8477439880371094e-06
step: 290, loss: 0.00022366642951965332
step: 300, loss: 3.9458274841308594e-05
step: 310, loss: 0.0021328777074813843
step: 320, loss: 0.0009018480777740479
step: 330, loss: 0.0001656562089920044
step: 340, loss: 0.00045756995677948
step: 350, loss: 2.7120113372802734e-06
step: 360, loss: 0.0006510838866233826
step: 370, loss: 2.9727816581726074e-05
step: 380, loss: 0.000875912606716156
step: 390, loss: 2.9802322387695312e-05
step: 400, loss: 0.00018967688083648682
step: 410, loss: 1.0848045349121094e-05
step: 420, loss: 0.02043859101831913
step: 430, loss: 0.0004093647003173828
step: 440, loss: 0.0006165951490402222
step: 450, loss: 0.0004588216543197632
step: 460, loss: 0.0004223138093948364
step: 470, loss: 0.00022046267986297607
step: 480, loss: 0.0001649409532546997
step: 490, loss: 0.0023910552263259888
step: 500, loss: 0.002117849886417389
step: 510, loss: 0.25430312752723694
step: 520, loss: 0.02053816244006157
step: 530, loss: 9.578466415405273e-05
step: 540, loss: 0.0062165893614292145
step: 550, loss: 9.256601333618164e-05
step: 560, loss: 0.0011449679732322693
step: 570, loss: 5.486607551574707e-05
step: 580, loss: 0.00025156140327453613
step: 590, loss: 0.00046150386333465576
step: 600, loss: 0.0004794299602508545
step: 610, loss: 0.0008604750037193298
step: 620, loss: 0.0005624592304229736
step: 630, loss: 3.069639205932617e-06
step: 640, loss: 0.00034105032682418823
step: 650, loss: 7.644295692443848e-05
step: 660, loss: 5.0067901611328125e-06
step: 670, loss: 0.001371920108795166
step: 680, loss: 0.0023493319749832153
step: 690, loss: 0.00023792684078216553
step: 700, loss: 9.000301361083984e-06
step: 710, loss: 0.00010849535465240479
step: 720, loss: 0.0011441782116889954
step: 730, loss: 0.004890553653240204
step: 740, loss: 7.748603820800781e-07
step: 750, loss: 1.1235475540161133e-05
step: 760, loss: 2.0369887351989746e-05
step: 770, loss: 0.0004314035177230835
step: 780, loss: 0.003446929156780243
step: 790, loss: 0.0012842118740081787
step: 800, loss: 0.003049880266189575
step: 810, loss: 0.00040453672409057617
step: 820, loss: 0.003059297800064087
step: 830, loss: 0.0009516626596450806
step: 840, loss: 6.474554538726807e-05
step: 850, loss: 0.00015866756439208984
step: 860, loss: 0.006086068227887154
step: 870, loss: 0.0011543333530426025
step: 880, loss: 0.003966405987739563
step: 890, loss: 0.00024540722370147705
step: 900, loss: 0.0128324581310153
step: 910, loss: 0.001895815134048462
step: 920, loss: 0.0024186596274375916
step: 930, loss: 0.0002640634775161743
step: 940, loss: 3.488361835479736e-05
step: 950, loss: 0.001421019434928894
step: 960, loss: 0.0001433044672012329
step: 970, loss: 0.0001906752586364746
step: 980, loss: 0.008304700255393982
step: 990, loss: 0.0004461929202079773
step: 1000, loss: 0.00025041401386260986
step: 1010, loss: 3.7610530853271484e-05
step: 1020, loss: 3.187358379364014e-05
step: 1030, loss: 0.00043329596519470215
step: 1040, loss: 0.0253134872764349
step: 1050, loss: 3.4868717193603516e-06
step: 1060, loss: 0.0012660771608352661
step: 1070, loss: 0.0002447590231895447
train time:  1450.2669792175293
=========eval at epoch=8=========
Validation:
======================================
accuracy=0.9815
precision=0.9496
recall=0.9514
f1=0.9505
======================================
valid time:  176.71574187278748
Test:
======================================
accuracy=0.9808
precision=0.9428
recall=0.9551
f1=0.9489
======================================
step: 0, loss: 5.251169204711914e-05
step: 10, loss: 0.001268133521080017
step: 20, loss: 0.0016660094261169434
step: 30, loss: 0.00028418004512786865
step: 40, loss: 0.00033955276012420654
step: 50, loss: 7.450580596923828e-07
step: 60, loss: 1.3455748558044434e-05
step: 70, loss: 0.0013387426733970642
step: 80, loss: 0.018053844571113586
step: 90, loss: 0.00029033422470092773
step: 100, loss: 6.16908073425293e-06
step: 110, loss: 2.7582049369812012e-05
step: 120, loss: 9.387731552124023e-06
step: 130, loss: 1.0222196578979492e-05
step: 140, loss: 0.02298847585916519
step: 150, loss: 0.00015442073345184326
step: 160, loss: 5.2928924560546875e-05
step: 170, loss: 0.00014792382717132568
step: 180, loss: 0.00015118718147277832
step: 190, loss: 0.00024200975894927979
step: 200, loss: 0.0037400126457214355
step: 210, loss: 0.0001780390739440918
step: 220, loss: 0.0001320093870162964
step: 230, loss: 1.6689300537109375e-06
step: 240, loss: 6.781518459320068e-05
step: 250, loss: 0.0002495795488357544
step: 260, loss: 0.007508235052227974
step: 270, loss: 0.0001277625560760498
step: 280, loss: 0.001410745084285736
step: 290, loss: 9.59634780883789e-06
step: 300, loss: 0.003592744469642639
step: 310, loss: 1.1116266250610352e-05
step: 320, loss: 6.145238876342773e-05
step: 330, loss: 0.00023952126502990723
step: 340, loss: 0.01718461513519287
step: 350, loss: 1.0579824447631836e-05
step: 360, loss: 0.00843048095703125
step: 370, loss: 0.0032969489693641663
step: 380, loss: 0.009357696399092674
step: 390, loss: 0.001550436019897461
step: 400, loss: 3.904104232788086e-06
step: 410, loss: 4.5806169509887695e-05
step: 420, loss: 7.897615432739258e-06
step: 430, loss: 0.0012534856796264648
step: 440, loss: 0.0057911016047000885
step: 450, loss: 0.0005142390727996826
step: 460, loss: 0.015526536852121353
step: 470, loss: 3.643333911895752e-05
step: 480, loss: 0.0001566559076309204
step: 490, loss: 0.003078058362007141
step: 500, loss: 0.0019632577896118164
step: 510, loss: 3.400444984436035e-05
step: 520, loss: 0.109695665538311
step: 530, loss: 6.923079490661621e-05
step: 540, loss: 0.031489331275224686
step: 550, loss: 0.000424802303314209
step: 560, loss: 0.0006922334432601929
step: 570, loss: 0.00012102723121643066
step: 580, loss: 0.0006979405879974365
step: 590, loss: 0.00011321902275085449
step: 600, loss: 0.00017267465591430664
step: 610, loss: 1.2114644050598145e-05
step: 620, loss: 6.616115570068359e-06
step: 630, loss: 5.893409252166748e-05
step: 640, loss: 0.0004902034997940063
step: 650, loss: 0.005373060703277588
step: 660, loss: 0.0001970827579498291
step: 670, loss: 2.8371810913085938e-05
step: 680, loss: 2.059340476989746e-05
step: 690, loss: 9.834766387939453e-06
step: 700, loss: 0.00041729211807250977
step: 710, loss: 0.0003928244113922119
step: 720, loss: 0.014357424341142178
step: 730, loss: 6.614625453948975e-05
step: 740, loss: 0.0008917152881622314
step: 750, loss: 0.00804918259382248
step: 760, loss: 0.0012917891144752502
step: 770, loss: 0.0006149187684059143
step: 780, loss: 9.298324584960938e-06
step: 790, loss: 6.67572021484375e-06
step: 800, loss: 2.09808349609375e-05
step: 810, loss: 5.364418029785156e-07
step: 820, loss: 7.829070091247559e-05
step: 830, loss: 0.0037305355072021484
step: 840, loss: 0.0001293867826461792
step: 850, loss: 3.695487976074219e-05
step: 860, loss: 0.000981748104095459
step: 870, loss: 0.002939727157354355
step: 880, loss: 0.013526234775781631
step: 890, loss: 7.748603820800781e-07
step: 900, loss: 0.00010277330875396729
step: 910, loss: 1.0311603546142578e-05
step: 920, loss: 5.0067901611328125e-06
step: 930, loss: 3.647804260253906e-05
step: 940, loss: 8.080899715423584e-05
step: 950, loss: 8.048117160797119e-05
step: 960, loss: 4.470348358154297e-06
step: 970, loss: 4.316866397857666e-05
step: 980, loss: 0.1460539698600769
step: 990, loss: 4.105269908905029e-05
step: 1000, loss: 0.00015366077423095703
step: 1010, loss: 0.0001115649938583374
step: 1020, loss: 0.0015119239687919617
step: 1030, loss: 0.06023211404681206
step: 1040, loss: 6.204843521118164e-05
step: 1050, loss: 0.0003158450126647949
step: 1060, loss: 0.0033761896193027496
step: 1070, loss: 5.708634853363037e-05
train time:  1454.3366706371307
=========eval at epoch=9=========
Validation:
======================================
accuracy=0.9829
precision=0.9602
recall=0.9477
f1=0.9539
======================================
valid time:  177.04697346687317
Test:
======================================
accuracy=0.9828
precision=0.9483
recall=0.9598
f1=0.9540
======================================
step: 0, loss: 0.002032250165939331
step: 10, loss: 1.8164515495300293e-05
step: 20, loss: 1.2218952178955078e-06
step: 30, loss: 0.00025147199630737305
step: 40, loss: 0.00018325448036193848
step: 50, loss: 7.852911949157715e-06
step: 60, loss: 5.838274955749512e-05
step: 70, loss: 7.683038711547852e-05
step: 80, loss: 0.0001035928726196289
step: 90, loss: 0.00014893710613250732
step: 100, loss: 2.4944543838500977e-05
step: 110, loss: 6.973743438720703e-06
step: 120, loss: 0.00011283159255981445
step: 130, loss: 0.00064849853515625
step: 140, loss: 0.0008518025279045105
step: 150, loss: 0.04579761251807213
step: 160, loss: 1.4185905456542969e-05
step: 170, loss: 7.160007953643799e-05
step: 180, loss: 0.0005656927824020386
step: 190, loss: 9.208917617797852e-06
step: 200, loss: 0.0001589059829711914
step: 210, loss: 0.0002487003803253174
step: 220, loss: 4.388391971588135e-05
step: 230, loss: 5.7563185691833496e-05
step: 240, loss: 0.0003461986780166626
step: 250, loss: 4.8786401748657227e-05
step: 260, loss: 0.0001430511474609375
step: 270, loss: 9.924173355102539e-06
step: 280, loss: 0.0004558265209197998
step: 290, loss: 9.424984455108643e-05
step: 300, loss: 5.1468610763549805e-05
step: 310, loss: 0.0002846717834472656
step: 320, loss: 3.2141804695129395e-05
step: 330, loss: 0.0001761019229888916
step: 340, loss: 0.00017304718494415283
step: 350, loss: 0.0002725273370742798
step: 360, loss: 0.000155717134475708
step: 370, loss: 0.0027893707156181335
step: 380, loss: 2.619624137878418e-05
step: 390, loss: 0.0003228485584259033
step: 400, loss: 0.0010729506611824036
step: 410, loss: 0.00044386088848114014
step: 420, loss: 9.779632091522217e-05
step: 430, loss: 0.0008396506309509277
step: 440, loss: 0.013860546052455902
step: 450, loss: 5.170702934265137e-05
step: 460, loss: 0.1020699217915535
step: 470, loss: 0.01982460357248783
step: 480, loss: 3.3080577850341797e-06
step: 490, loss: 0.0002357959747314453
step: 500, loss: 3.986060619354248e-05
step: 510, loss: 4.172325134277344e-06
step: 520, loss: 0.0018791928887367249
step: 530, loss: 5.155801773071289e-06
step: 540, loss: 0.00019064545631408691
step: 550, loss: 9.940564632415771e-05
step: 560, loss: 0.00014753639698028564
step: 570, loss: 0.00031851232051849365
step: 580, loss: 4.172325134277344e-07
step: 590, loss: 0.0003125518560409546
step: 600, loss: 0.008449668064713478
step: 610, loss: 2.8535723686218262e-05
step: 620, loss: 0.0001564621925354004
step: 630, loss: 0.004262745380401611
step: 640, loss: 7.413327693939209e-05
step: 650, loss: 5.960464477539062e-07
step: 660, loss: 0.2099277228116989
step: 670, loss: 7.328391075134277e-05
step: 680, loss: 0.0003796517848968506
step: 690, loss: 0.05360831320285797
step: 700, loss: 5.304813385009766e-06
step: 710, loss: 0.001159071922302246
step: 720, loss: 0.002890460193157196
step: 730, loss: 0.0006019324064254761
step: 740, loss: 0.0030456334352493286
step: 750, loss: 0.0019081458449363708
step: 760, loss: 0.0010797902941703796
step: 770, loss: 0.0022081509232521057
step: 780, loss: 0.0001273900270462036
step: 790, loss: 0.000406116247177124
step: 800, loss: 0.0009330660104751587
step: 810, loss: 0.0006264001131057739
step: 820, loss: 4.082918167114258e-06
step: 830, loss: 0.0009113550186157227
step: 840, loss: 0.0005001425743103027
step: 850, loss: 1.0579824447631836e-05
step: 860, loss: 6.559491157531738e-05
step: 870, loss: 3.482401371002197e-05
step: 880, loss: 0.0010510198771953583
step: 890, loss: 0.0013993121683597565
step: 900, loss: 1.3768672943115234e-05
step: 910, loss: 4.2691826820373535e-05
step: 920, loss: 1.0013580322265625e-05
step: 930, loss: 1.55717134475708e-05
step: 940, loss: 4.634261131286621e-05
step: 950, loss: 0.0005491077899932861
step: 960, loss: 3.293156623840332e-05
step: 970, loss: 0.0007039979100227356
step: 980, loss: 8.575618267059326e-05
step: 990, loss: 0.00037723779678344727
step: 1000, loss: 0.004652537405490875
step: 1010, loss: 4.713237285614014e-05
step: 1020, loss: 4.8547983169555664e-05
step: 1030, loss: 0.008184194564819336
step: 1040, loss: 0.0008133798837661743
step: 1050, loss: 0.0001714080572128296
step: 1060, loss: 0.0033506155014038086
step: 1070, loss: 0.0015889406204223633
train time:  1450.7326803207397
=========eval at epoch=10=========
Validation:
======================================
accuracy=0.9831
precision=0.9603
recall=0.9486
f1=0.9544
======================================
valid time:  176.9509608745575
Test:
======================================
accuracy=0.9826
precision=0.9491
recall=0.9579
f1=0.9535
======================================
