Device cuda
step: 0, loss: 1.16769278049469
Traceback (most recent call last):
  File "train.py", line 144, in <module>
    initialize_and_train(train_dataset, valid_dataset, test_dataset, train_dataset.get_attr_num(), args, run_tag)
  File "train.py", line 85, in initialize_and_train
    batch_size=args.batch_size)
  File "train.py", line 35, in train
    logits, y, _ = model(xs, y, masks)
  File "/opt/conda/lib/python3.7/site-packages/torch/nn/modules/module.py", line 532, in __call__
    result = self.forward(*input, **kwargs)
  File "/workspace/HierGAT/model/model.py", line 79, in forward
    output = self.bert(inputs_embeds=words_emb)
  File "/opt/conda/lib/python3.7/site-packages/torch/nn/modules/module.py", line 532, in __call__
    result = self.forward(*input, **kwargs)
  File "/opt/conda/lib/python3.7/site-packages/transformers/modeling_bert.py", line 790, in forward
    encoder_attention_mask=encoder_extended_attention_mask,
  File "/opt/conda/lib/python3.7/site-packages/torch/nn/modules/module.py", line 532, in __call__
    result = self.forward(*input, **kwargs)
  File "/opt/conda/lib/python3.7/site-packages/transformers/modeling_bert.py", line 407, in forward
    hidden_states, attention_mask, head_mask[i], encoder_hidden_states, encoder_attention_mask
  File "/opt/conda/lib/python3.7/site-packages/torch/nn/modules/module.py", line 532, in __call__
    result = self.forward(*input, **kwargs)
  File "/opt/conda/lib/python3.7/site-packages/transformers/modeling_bert.py", line 368, in forward
    self_attention_outputs = self.attention(hidden_states, attention_mask, head_mask)
  File "/opt/conda/lib/python3.7/site-packages/torch/nn/modules/module.py", line 532, in __call__
    result = self.forward(*input, **kwargs)
  File "/opt/conda/lib/python3.7/site-packages/transformers/modeling_bert.py", line 314, in forward
    hidden_states, attention_mask, head_mask, encoder_hidden_states, encoder_attention_mask
  File "/opt/conda/lib/python3.7/site-packages/torch/nn/modules/module.py", line 532, in __call__
    result = self.forward(*input, **kwargs)
  File "/opt/conda/lib/python3.7/site-packages/transformers/modeling_bert.py", line 235, in forward
    attention_scores = attention_scores / math.sqrt(self.attention_head_size)
RuntimeError: CUDA out of memory. Tried to allocate 34.00 MiB (GPU 0; 15.63 GiB total capacity; 14.67 GiB already allocated; 15.75 MiB free; 15.13 GiB reserved in total by PyTorch)
