Traceback (most recent call last):
  File "/opt/conda/lib/python3.7/site-packages/urllib3/contrib/pyopenssl.py", line 488, in wrap_socket
    cnx.do_handshake()
  File "/opt/conda/lib/python3.7/site-packages/OpenSSL/SSL.py", line 1915, in do_handshake
    self._raise_ssl_error(self._ssl, result)
  File "/opt/conda/lib/python3.7/site-packages/OpenSSL/SSL.py", line 1622, in _raise_ssl_error
    raise WantReadError()
OpenSSL.SSL.WantReadError

During handling of the above exception, another exception occurred:

Traceback (most recent call last):
  File "train.py", line 140, in <module>
    train_dataset = Dataset(trainset, category, lm=args.lm, lm_path=args.lm_path, max_len=args.max_len, split=args.split)
  File "/workspace/HierGAT/model/dataset.py", line 51, in __init__
    self.tokenizer = get_tokenizer(lm, lm_path)
  File "/workspace/HierGAT/model/dataset.py", line 41, in get_tokenizer
    tokenizer = RobertaTokenizer.from_pretrained(path)
  File "/opt/conda/lib/python3.7/site-packages/transformers/tokenization_utils.py", line 393, in from_pretrained
    return cls._from_pretrained(*inputs, **kwargs)
  File "/opt/conda/lib/python3.7/site-packages/transformers/tokenization_utils.py", line 469, in _from_pretrained
    local_files_only=local_files_only,
  File "/opt/conda/lib/python3.7/site-packages/transformers/file_utils.py", line 254, in cached_path
    local_files_only=local_files_only,
  File "/opt/conda/lib/python3.7/site-packages/transformers/file_utils.py", line 414, in get_from_cache
    response = requests.head(url, allow_redirects=True, proxies=proxies, timeout=etag_timeout)
  File "/opt/conda/lib/python3.7/site-packages/requests/api.py", line 101, in head
    return request('head', url, **kwargs)
  File "/opt/conda/lib/python3.7/site-packages/requests/api.py", line 60, in request
    return session.request(method=method, url=url, **kwargs)
  File "/opt/conda/lib/python3.7/site-packages/requests/sessions.py", line 533, in request
    resp = self.send(prep, **send_kwargs)
  File "/opt/conda/lib/python3.7/site-packages/requests/sessions.py", line 646, in send
    r = adapter.send(request, **kwargs)
  File "/opt/conda/lib/python3.7/site-packages/requests/adapters.py", line 449, in send
    timeout=timeout
  File "/opt/conda/lib/python3.7/site-packages/urllib3/connectionpool.py", line 677, in urlopen
    chunked=chunked,
  File "/opt/conda/lib/python3.7/site-packages/urllib3/connectionpool.py", line 381, in _make_request
    self._validate_conn(conn)
  File "/opt/conda/lib/python3.7/site-packages/urllib3/connectionpool.py", line 978, in _validate_conn
    conn.connect()
  File "/opt/conda/lib/python3.7/site-packages/urllib3/connection.py", line 371, in connect
    ssl_context=context,
  File "/opt/conda/lib/python3.7/site-packages/urllib3/util/ssl_.py", line 386, in ssl_wrap_socket
    return context.wrap_socket(sock, server_hostname=server_hostname)
  File "/opt/conda/lib/python3.7/site-packages/urllib3/contrib/pyopenssl.py", line 490, in wrap_socket
    if not util.wait_for_read(sock, sock.gettimeout()):
  File "/opt/conda/lib/python3.7/site-packages/urllib3/util/wait.py", line 146, in wait_for_read
    return wait_for_socket(sock, read=True, timeout=timeout)
  File "/opt/conda/lib/python3.7/site-packages/urllib3/util/wait.py", line 139, in wait_for_socket
    return wait_for_socket(*args, **kwargs)
  File "/opt/conda/lib/python3.7/site-packages/urllib3/util/wait.py", line 107, in poll_wait_for_socket
    return bool(_retry_on_intr(do_poll, timeout))
  File "/opt/conda/lib/python3.7/site-packages/urllib3/util/wait.py", line 43, in _retry_on_intr
    return fn(timeout)
  File "/opt/conda/lib/python3.7/site-packages/urllib3/util/wait.py", line 105, in do_poll
    return poll_obj.poll(t)
KeyboardInterrupt
