Device cuda
step: 0, loss: 0.5869471430778503
step: 10, loss: 1.0039347410202026
step: 20, loss: 0.4576636552810669
step: 30, loss: 0.36434537172317505
step: 40, loss: 0.3786777853965759
step: 50, loss: 0.3722495436668396
step: 60, loss: 0.28496289253234863
step: 70, loss: 0.6922449469566345
step: 80, loss: 0.6159411668777466
step: 90, loss: 0.36539745330810547
step: 100, loss: 0.48530399799346924
step: 110, loss: 0.6718387603759766
step: 120, loss: 0.5256516933441162
step: 130, loss: 0.47275713086128235
step: 140, loss: 0.4920240044593811
step: 150, loss: 0.3772781789302826
step: 160, loss: 0.26368939876556396
step: 170, loss: 0.15488387644290924
step: 180, loss: 0.8179985284805298
step: 190, loss: 0.1269536018371582
step: 200, loss: 0.0799417793750763
step: 210, loss: 0.038598790764808655
step: 220, loss: 0.022935613989830017
step: 230, loss: 0.011154934763908386
step: 240, loss: 0.011525481939315796
step: 250, loss: 0.025999143719673157
step: 260, loss: 0.1661939024925232
step: 270, loss: 0.10448569804430008
step: 280, loss: 0.2048717439174652
step: 290, loss: 0.4185490608215332
step: 300, loss: 0.41232728958129883
step: 310, loss: 0.4196957051753998
step: 320, loss: 0.030327901244163513
step: 330, loss: 0.17235562205314636
step: 340, loss: 0.01845717430114746
step: 350, loss: 0.028478793799877167
step: 360, loss: 0.09117035567760468
step: 370, loss: 0.08376030623912811
step: 380, loss: 0.17300668358802795
step: 390, loss: 0.1279587745666504
step: 400, loss: 0.029141604900360107
step: 410, loss: 0.013340383768081665
step: 420, loss: 0.04627539962530136
step: 430, loss: 0.10986746847629547
step: 440, loss: 0.005827188491821289
step: 450, loss: 0.01233343780040741
step: 460, loss: 0.023276351392269135
step: 470, loss: 0.06713490188121796
step: 480, loss: 0.17256979644298553
step: 490, loss: 0.11327212303876877
step: 500, loss: 0.2708205580711365
step: 510, loss: 0.16954021155834198
step: 520, loss: 0.08235308527946472
step: 530, loss: 0.1385226547718048
step: 540, loss: 0.02870948612689972
step: 550, loss: 0.15019220113754272
step: 560, loss: 0.16263799369335175
step: 570, loss: 0.2719993591308594
step: 580, loss: 0.3804886043071747
step: 590, loss: 0.02144530415534973
step: 600, loss: 0.11304100602865219
step: 610, loss: 0.025457464158535004
step: 620, loss: 0.019438400864601135
step: 630, loss: 0.009031251072883606
step: 640, loss: 0.026832401752471924
step: 650, loss: 0.04794834926724434
step: 660, loss: 0.00949367880821228
step: 670, loss: 0.10139288008213043
step: 680, loss: 0.042254090309143066
step: 690, loss: 0.31580519676208496
step: 700, loss: 0.4686410427093506
step: 710, loss: 0.035328060388565063
step: 720, loss: 0.15237486362457275
step: 730, loss: 0.2716463804244995
step: 740, loss: 0.15504597127437592
step: 750, loss: 0.00719180703163147
step: 760, loss: 0.012793213129043579
step: 770, loss: 0.7152260541915894
step: 780, loss: 0.052024394273757935
step: 790, loss: 0.015567347407341003
step: 800, loss: 0.008771315217018127
step: 810, loss: 0.3125845193862915
step: 820, loss: 0.09958799183368683
step: 830, loss: 0.08313685655593872
step: 840, loss: 0.04497501999139786
step: 850, loss: 0.01800176501274109
step: 860, loss: 0.01933753490447998
step: 870, loss: 0.1819923222064972
step: 880, loss: 0.06767860800027847
step: 890, loss: 0.22142362594604492
step: 900, loss: 0.393561452627182
step: 910, loss: 0.03455153852701187
step: 920, loss: 0.03195546567440033
step: 930, loss: 0.0586712509393692
step: 940, loss: 0.06082651764154434
step: 950, loss: 0.0377354696393013
step: 960, loss: 0.045190200209617615
step: 970, loss: 0.26626285910606384
step: 980, loss: 0.034638673067092896
step: 990, loss: 0.13086345791816711
step: 1000, loss: 0.05975407361984253
step: 1010, loss: 0.06873123347759247
step: 1020, loss: 0.262424111366272
step: 1030, loss: 0.09470421820878983
step: 1040, loss: 0.017711631953716278
step: 1050, loss: 0.27224594354629517
step: 1060, loss: 0.04740172624588013
step: 1070, loss: 0.022221192717552185
train time:  2012.047774553299
=========eval at epoch=1=========
Validation:
======================================
accuracy=0.9718
precision=0.8887
recall=0.9701
f1=0.9276
======================================
valid time:  231.9451401233673
Test:
======================================
accuracy=0.9741
precision=0.8933
recall=0.9776
f1=0.9335
======================================
step: 0, loss: 0.01996912807226181
step: 10, loss: 0.05958917737007141
step: 20, loss: 0.0009990930557250977
step: 30, loss: 0.006713181734085083
step: 40, loss: 0.013439550995826721
step: 50, loss: 0.05334167182445526
step: 60, loss: 0.018468499183654785
step: 70, loss: 0.23902061581611633
step: 80, loss: 0.004893049597740173
step: 90, loss: 0.011450082063674927
step: 100, loss: 0.11533649265766144
step: 110, loss: 0.015043511986732483
step: 120, loss: 0.004915386438369751
step: 130, loss: 0.030020296573638916
step: 140, loss: 0.04074525833129883
step: 150, loss: 0.025276735424995422
step: 160, loss: 0.035766907036304474
step: 170, loss: 0.002508401870727539
step: 180, loss: 0.009543582797050476
step: 190, loss: 0.0414946973323822
step: 200, loss: 0.2642921209335327
step: 210, loss: 0.1312284618616104
step: 220, loss: 0.015431597828865051
step: 230, loss: 0.016523927450180054
step: 240, loss: 0.008219420909881592
step: 250, loss: 0.0025863349437713623
step: 260, loss: 0.001682475209236145
step: 270, loss: 0.006455555558204651
step: 280, loss: 0.09554053097963333
step: 290, loss: 0.14519304037094116
step: 300, loss: 0.0022718608379364014
step: 310, loss: 0.055138420313596725
step: 320, loss: 0.026715151965618134
step: 330, loss: 0.0463695302605629
step: 340, loss: 0.00918552279472351
step: 350, loss: 0.003562524914741516
step: 360, loss: 0.3725205659866333
step: 370, loss: 0.14668945968151093
step: 380, loss: 0.015909120440483093
step: 390, loss: 0.2805820405483246
step: 400, loss: 0.17645156383514404
step: 410, loss: 0.023653671145439148
step: 420, loss: 0.05752478539943695
step: 430, loss: 0.19204846024513245
step: 440, loss: 0.09306085109710693
step: 450, loss: 0.026829659938812256
step: 460, loss: 0.02018187940120697
step: 470, loss: 0.04049146920442581
step: 480, loss: 0.09266403317451477
step: 490, loss: 0.2934035658836365
step: 500, loss: 0.006084755063056946
step: 510, loss: 0.051322899758815765
step: 520, loss: 0.2707657217979431
step: 530, loss: 0.13569168746471405
step: 540, loss: 0.004829347133636475
step: 550, loss: 0.158920556306839
step: 560, loss: 0.07194923609495163
step: 570, loss: 0.02927345037460327
step: 580, loss: 0.326095312833786
step: 590, loss: 0.042542070150375366
step: 600, loss: 0.012540116906166077
step: 610, loss: 0.021689578890800476
step: 620, loss: 0.004250824451446533
step: 630, loss: 0.010226771235466003
step: 640, loss: 0.028224557638168335
step: 650, loss: 0.04455384612083435
step: 660, loss: 0.007504194974899292
step: 670, loss: 0.011554822325706482
step: 680, loss: 0.031129464507102966
step: 690, loss: 0.003958791494369507
step: 700, loss: 0.0015570521354675293
step: 710, loss: 0.0017547905445098877
step: 720, loss: 0.04210691154003143
step: 730, loss: 0.025206059217453003
step: 740, loss: 0.07885365188121796
step: 750, loss: 0.023774750530719757
step: 760, loss: 0.020583316683769226
step: 770, loss: 0.06319613009691238
step: 780, loss: 0.01155063509941101
step: 790, loss: 0.02845035493373871
step: 800, loss: 0.17161032557487488
step: 810, loss: 0.007337659597396851
step: 820, loss: 0.004025489091873169
step: 830, loss: 0.0030345767736434937
step: 840, loss: 0.033236220479011536
step: 850, loss: 0.34943893551826477
step: 860, loss: 0.05046622455120087
step: 870, loss: 0.01013454794883728
step: 880, loss: 0.023361854255199432
step: 890, loss: 0.005939185619354248
step: 900, loss: 0.09995932132005692
step: 910, loss: 0.008186310529708862
step: 920, loss: 0.006078794598579407
step: 930, loss: 0.012454792857170105
step: 940, loss: 0.2032366842031479
step: 950, loss: 0.01239834725856781
step: 960, loss: 0.006337501108646393
step: 970, loss: 0.01099364459514618
step: 980, loss: 0.03729008138179779
step: 990, loss: 0.032400943338871
step: 1000, loss: 0.007460862398147583
step: 1010, loss: 0.00706617534160614
step: 1020, loss: 0.06553971767425537
step: 1030, loss: 0.011848047375679016
step: 1040, loss: 0.012446358799934387
step: 1050, loss: 0.2788321375846863
step: 1060, loss: 0.00956137478351593
step: 1070, loss: 0.005344480276107788
train time:  2010.5035037994385
=========eval at epoch=2=========
Validation:
======================================
accuracy=0.9758
precision=0.9160
recall=0.9579
f1=0.9365
======================================
valid time:  231.30964517593384
Test:
======================================
accuracy=0.9796
precision=0.9258
recall=0.9682
f1=0.9466
======================================
step: 0, loss: 0.009366780519485474
step: 10, loss: 0.045436061918735504
step: 20, loss: 0.024401187896728516
step: 30, loss: 0.005553588271141052
step: 40, loss: 0.00565415620803833
step: 50, loss: 0.00679440051317215
step: 60, loss: 0.001117795705795288
step: 70, loss: 0.0006056874990463257
step: 80, loss: 0.006159961223602295
step: 90, loss: 0.24127435684204102
step: 100, loss: 0.00986538827419281
step: 110, loss: 0.011750943958759308
step: 120, loss: 0.003611534833908081
step: 130, loss: 0.011627435684204102
step: 140, loss: 0.012203872203826904
step: 150, loss: 0.043236248195171356
step: 160, loss: 0.0027330368757247925
step: 170, loss: 0.006112799048423767
step: 180, loss: 0.003243744373321533
step: 190, loss: 0.005368255078792572
step: 200, loss: 0.006009489297866821
step: 210, loss: 0.026746690273284912
step: 220, loss: 0.01273529976606369
step: 230, loss: 0.0206342414021492
step: 240, loss: 0.062318816781044006
step: 250, loss: 0.011852070689201355
step: 260, loss: 0.0011016428470611572
step: 270, loss: 0.06293992698192596
step: 280, loss: 0.4699968099594116
step: 290, loss: 0.04204227775335312
step: 300, loss: 0.22438406944274902
step: 310, loss: 0.025949016213417053
step: 320, loss: 0.027172058820724487
step: 330, loss: 0.30561143159866333
step: 340, loss: 0.008421868085861206
step: 350, loss: 0.05248163640499115
step: 360, loss: 0.004819467663764954
step: 370, loss: 0.011248931288719177
step: 380, loss: 0.021617993712425232
step: 390, loss: 0.03530256450176239
step: 400, loss: 0.20264574885368347
step: 410, loss: 0.0023799538612365723
step: 420, loss: 0.004296600818634033
step: 430, loss: 0.0077097415924072266
step: 440, loss: 0.002340570092201233
step: 450, loss: 0.014673963189125061
step: 460, loss: 0.0019434094429016113
step: 470, loss: 0.04807460308074951
step: 480, loss: 0.004946857690811157
step: 490, loss: 0.0038811564445495605
step: 500, loss: 0.03650049865245819
step: 510, loss: 0.01621948927640915
step: 520, loss: 0.00631338357925415
step: 530, loss: 0.17397074401378632
step: 540, loss: 0.0034065991640090942
step: 550, loss: 0.017661437392234802
step: 560, loss: 0.19330398738384247
step: 570, loss: 0.10450974106788635
step: 580, loss: 0.01329057663679123
step: 590, loss: 0.005001887679100037
step: 600, loss: 0.005754753947257996
step: 610, loss: 0.04556950926780701
step: 620, loss: 0.039767786860466
step: 630, loss: 0.03370983898639679
step: 640, loss: 0.12991657853126526
step: 650, loss: 0.030915379524230957
step: 660, loss: 0.009245604276657104
step: 670, loss: 0.006208077073097229
step: 680, loss: 0.005198448896408081
step: 690, loss: 0.340962290763855
step: 700, loss: 0.0035091787576675415
step: 710, loss: 0.010524049401283264
step: 720, loss: 0.008214488625526428
step: 730, loss: 0.0036400705575942993
step: 740, loss: 0.04467039555311203
step: 750, loss: 0.006658434867858887
step: 760, loss: 0.21930357813835144
step: 770, loss: 0.13870610296726227
step: 780, loss: 0.0010300129652023315
step: 790, loss: 0.012206554412841797
step: 800, loss: 0.007945045828819275
step: 810, loss: 0.02698182314634323
step: 820, loss: 0.00620289146900177
step: 830, loss: 0.14873133599758148
step: 840, loss: 0.2528340220451355
step: 850, loss: 0.003868117928504944
step: 860, loss: 0.00884220004081726
step: 870, loss: 0.17888471484184265
step: 880, loss: 0.019488364458084106
step: 890, loss: 0.009020581841468811
step: 900, loss: 0.0006652027368545532
step: 910, loss: 0.5450354218482971
step: 920, loss: 0.02150137722492218
step: 930, loss: 0.010958492755889893
step: 940, loss: 0.028250232338905334
step: 950, loss: 0.003547847270965576
step: 960, loss: 0.0068980008363723755
step: 970, loss: 0.014272138476371765
step: 980, loss: 0.013706520199775696
step: 990, loss: 0.004815623164176941
step: 1000, loss: 0.12182379513978958
step: 1010, loss: 0.3168065845966339
step: 1020, loss: 0.07235214114189148
step: 1030, loss: 0.0030948370695114136
step: 1040, loss: 0.11973192542791367
step: 1050, loss: 0.057679757475852966
step: 1060, loss: 0.3630419373512268
step: 1070, loss: 0.011671200394630432
train time:  2007.4143433570862
=========eval at epoch=3=========
Validation:
======================================
accuracy=0.9749
precision=0.9019
recall=0.9710
f1=0.9352
======================================
valid time:  231.2054901123047
Test:
======================================
accuracy=0.9742
precision=0.9009
recall=0.9682
f1=0.9333
======================================
step: 0, loss: 0.009608730673789978
step: 10, loss: 0.012327641248703003
step: 20, loss: 0.0036038607358932495
step: 30, loss: 0.008645996451377869
step: 40, loss: 0.03302563726902008
step: 50, loss: 0.005191698670387268
step: 60, loss: 0.003498971462249756
step: 70, loss: 0.24594897031784058
step: 80, loss: 0.016504503786563873
step: 90, loss: 0.035449884831905365
step: 100, loss: 0.023524083197116852
step: 110, loss: 0.01729436218738556
step: 120, loss: 0.010650604963302612
step: 130, loss: 0.004304990172386169
step: 140, loss: 0.010176926851272583
step: 150, loss: 0.008689507842063904
step: 160, loss: 0.004100233316421509
step: 170, loss: 0.0021211057901382446
step: 180, loss: 0.0005799680948257446
step: 190, loss: 0.006558462977409363
step: 200, loss: 0.06326941400766373
step: 210, loss: 0.003328680992126465
step: 220, loss: 0.01082175225019455
step: 230, loss: 0.035386160016059875
step: 240, loss: 0.004176497459411621
step: 250, loss: 0.009052559733390808
step: 260, loss: 0.02841866761445999
step: 270, loss: 0.019634291529655457
step: 280, loss: 0.002336278557777405
step: 290, loss: 0.005618691444396973
step: 300, loss: 0.0017471462488174438
step: 310, loss: 0.008538022637367249
step: 320, loss: 0.0019755959510803223
step: 330, loss: 0.052438244223594666
step: 340, loss: 0.10557293891906738
step: 350, loss: 0.004526019096374512
step: 360, loss: 0.00041687488555908203
step: 370, loss: 0.002660214900970459
step: 380, loss: 0.37259480357170105
step: 390, loss: 0.0008592903614044189
step: 400, loss: 0.006849154829978943
step: 410, loss: 0.18475407361984253
step: 420, loss: 0.00360657274723053
step: 430, loss: 0.02069956809282303
step: 440, loss: 0.0006403923034667969
step: 450, loss: 0.12233200669288635
step: 460, loss: 0.00834028422832489
step: 470, loss: 0.0018977820873260498
step: 480, loss: 0.08233241736888885
step: 490, loss: 0.0018247216939926147
step: 500, loss: 0.25085586309432983
step: 510, loss: 0.0015240758657455444
step: 520, loss: 0.02045910805463791
step: 530, loss: 0.008146196603775024
step: 540, loss: 0.006744995713233948
step: 550, loss: 0.08452951163053513
step: 560, loss: 0.020976871252059937
step: 570, loss: 0.0014524757862091064
step: 580, loss: 0.0014315247535705566
step: 590, loss: 0.0007033199071884155
step: 600, loss: 0.0010000914335250854
step: 610, loss: 0.0005956590175628662
step: 620, loss: 0.005564674735069275
step: 630, loss: 0.001337990164756775
step: 640, loss: 0.015491023659706116
step: 650, loss: 0.0014695227146148682
step: 660, loss: 0.19307827949523926
step: 670, loss: 0.024877086281776428
step: 680, loss: 0.26960763335227966
step: 690, loss: 0.017361097037792206
step: 700, loss: 0.03685509413480759
step: 710, loss: 0.09059512615203857
step: 720, loss: 0.27881669998168945
step: 730, loss: 0.0036687254905700684
step: 740, loss: 0.01048952341079712
step: 750, loss: 0.1762566864490509
step: 760, loss: 0.07177190482616425
step: 770, loss: 0.004763960838317871
step: 780, loss: 0.0038624107837677
step: 790, loss: 0.05876592546701431
step: 800, loss: 0.013550303876399994
step: 810, loss: 0.0027165263891220093
step: 820, loss: 0.05764235556125641
step: 830, loss: 0.0019656121730804443
step: 840, loss: 0.004128314554691315
step: 850, loss: 0.007154494524002075
step: 860, loss: 0.004580557346343994
step: 870, loss: 0.0008561015129089355
step: 880, loss: 0.0025527924299240112
step: 890, loss: 0.008713960647583008
step: 900, loss: 0.25960299372673035
step: 910, loss: 0.042980559170246124
step: 920, loss: 0.07992281764745712
step: 930, loss: 0.004583790898323059
step: 940, loss: 0.0231906920671463
step: 950, loss: 0.04103668034076691
step: 960, loss: 0.00499078631401062
step: 970, loss: 0.029445402324199677
step: 980, loss: 0.025069862604141235
step: 990, loss: 0.023418135941028595
step: 1000, loss: 0.0032273679971694946
step: 1010, loss: 0.025992535054683685
step: 1020, loss: 0.0011221915483474731
step: 1030, loss: 0.016074351966381073
step: 1040, loss: 0.018062248826026917
step: 1050, loss: 0.0020817220211029053
step: 1060, loss: 0.06428252160549164
step: 1070, loss: 0.22686195373535156
train time:  2009.8746650218964
=========eval at epoch=4=========
Validation:
======================================
accuracy=0.9794
precision=0.9296
recall=0.9626
f1=0.9458
======================================
valid time:  231.14411735534668
Test:
======================================
accuracy=0.9789
precision=0.9248
recall=0.9654
f1=0.9447
======================================
step: 0, loss: 0.019090957939624786
step: 10, loss: 0.2619986832141876
step: 20, loss: 0.006989628076553345
step: 30, loss: 0.005386337637901306
step: 40, loss: 0.010753899812698364
step: 50, loss: 0.026351235806941986
step: 60, loss: 0.006733432412147522
step: 70, loss: 0.009783037006855011
step: 80, loss: 0.0034056156873703003
step: 90, loss: 0.0010414421558380127
step: 100, loss: 0.007906615734100342
step: 110, loss: 0.015254907310009003
step: 120, loss: 0.03162700682878494
step: 130, loss: 0.09564035385847092
step: 140, loss: 0.05923984572291374
step: 150, loss: 0.01824401319026947
step: 160, loss: 0.007160261273384094
step: 170, loss: 0.0024738460779190063
step: 180, loss: 0.0189601331949234
step: 190, loss: 0.052908800542354584
step: 200, loss: 0.09799469262361526
step: 210, loss: 0.008554898202419281
step: 220, loss: 0.004790991544723511
step: 230, loss: 0.06884890049695969
step: 240, loss: 0.09533783793449402
step: 250, loss: 0.0007494091987609863
step: 260, loss: 0.02063494175672531
step: 270, loss: 0.0007758736610412598
step: 280, loss: 0.0018631815910339355
step: 290, loss: 0.0012612193822860718
step: 300, loss: 0.0009550601243972778
step: 310, loss: 0.0007145702838897705
step: 320, loss: 0.0021837353706359863
step: 330, loss: 0.001387283205986023
step: 340, loss: 0.051663294434547424
step: 350, loss: 0.002960696816444397
step: 360, loss: 0.006222769618034363
step: 370, loss: 0.05274652689695358
step: 380, loss: 0.008840903639793396
step: 390, loss: 0.0028134584426879883
step: 400, loss: 0.008869573473930359
step: 410, loss: 0.010852962732315063
step: 420, loss: 0.0005555450916290283
step: 430, loss: 0.0040382444858551025
step: 440, loss: 0.0026423558592796326
step: 450, loss: 0.006119854748249054
step: 460, loss: 0.003749534487724304
step: 470, loss: 0.005250073969364166
step: 480, loss: 0.18482816219329834
step: 490, loss: 0.000475466251373291
step: 500, loss: 0.004782184958457947
step: 510, loss: 0.023688212037086487
step: 520, loss: 0.0008250623941421509
step: 530, loss: 0.00042162835597991943
step: 540, loss: 0.00023448467254638672
step: 550, loss: 0.0034833550453186035
step: 560, loss: 0.000685960054397583
step: 570, loss: 0.08322124928236008
step: 580, loss: 0.07811367511749268
step: 590, loss: 0.0073347389698028564
step: 600, loss: 0.004737958312034607
step: 610, loss: 0.3075849115848541
step: 620, loss: 0.0008733421564102173
step: 630, loss: 0.07999327778816223
step: 640, loss: 0.009857267141342163
step: 650, loss: 0.004673972725868225
step: 660, loss: 0.0008747875690460205
step: 670, loss: 0.00928063690662384
step: 680, loss: 0.011277124285697937
step: 690, loss: 0.06313998997211456
step: 700, loss: 0.0013835430145263672
step: 710, loss: 0.0017208009958267212
step: 720, loss: 0.015355482697486877
step: 730, loss: 0.08219258487224579
step: 740, loss: 0.0024613142013549805
step: 750, loss: 0.0006441324949264526
step: 760, loss: 0.00047779083251953125
step: 770, loss: 0.02737238258123398
step: 780, loss: 0.14372828602790833
step: 790, loss: 0.08254091441631317
step: 800, loss: 0.19861014187335968
step: 810, loss: 0.012263081967830658
step: 820, loss: 0.16994377970695496
step: 830, loss: 0.0005727708339691162
step: 840, loss: 0.024823084473609924
step: 850, loss: 0.007144734263420105
step: 860, loss: 0.0028482377529144287
step: 870, loss: 0.000598222017288208
step: 880, loss: 0.060679610818624496
step: 890, loss: 0.020745016634464264
step: 900, loss: 0.13892686367034912
step: 910, loss: 0.02882794290781021
step: 920, loss: 0.0185648575425148
step: 930, loss: 0.001698911190032959
step: 940, loss: 0.007130198180675507
step: 950, loss: 0.03285912051796913
step: 960, loss: 0.014172330498695374
step: 970, loss: 0.0031712204217910767
step: 980, loss: 0.0015222281217575073
step: 990, loss: 0.13547880947589874
step: 1000, loss: 0.0009085237979888916
step: 1010, loss: 0.10667101293802261
step: 1020, loss: 0.08587900549173355
step: 1030, loss: 0.011913761496543884
step: 1040, loss: 0.0007859617471694946
step: 1050, loss: 0.004457905888557434
step: 1060, loss: 0.3798411190509796
step: 1070, loss: 0.08666956424713135
train time:  2011.1183774471283
=========eval at epoch=5=========
Validation:
======================================
accuracy=0.9807
precision=0.9494
recall=0.9467
f1=0.9481
======================================
valid time:  231.40024709701538
Test:
======================================
accuracy=0.9798
precision=0.9526
recall=0.9383
f1=0.9454
======================================
step: 0, loss: 0.004814952611923218
step: 10, loss: 0.015309251844882965
step: 20, loss: 0.023655541241168976
step: 30, loss: 0.002736687660217285
step: 40, loss: 0.001590818166732788
step: 50, loss: 0.07077877968549728
step: 60, loss: 0.0019138157367706299
step: 70, loss: 0.003603905439376831
step: 80, loss: 0.0006448924541473389
step: 90, loss: 0.04482953995466232
step: 100, loss: 0.0008441954851150513
step: 110, loss: 0.019081957638263702
step: 120, loss: 0.05140805244445801
step: 130, loss: 0.0006400793790817261
step: 140, loss: 0.08121716976165771
step: 150, loss: 0.007234886288642883
step: 160, loss: 0.004179790616035461
step: 170, loss: 0.01603001356124878
step: 180, loss: 0.0004161745309829712
step: 190, loss: 0.0032822787761688232
step: 200, loss: 0.001120641827583313
step: 210, loss: 0.0022822320461273193
step: 220, loss: 0.0007897019386291504
step: 230, loss: 0.058899298310279846
step: 240, loss: 0.0004317164421081543
step: 250, loss: 0.0029142946004867554
step: 260, loss: 0.021120667457580566
step: 270, loss: 0.00400775671005249
step: 280, loss: 0.01723950356245041
step: 290, loss: 0.002925783395767212
step: 300, loss: 0.028445355594158173
step: 310, loss: 0.0006238222122192383
step: 320, loss: 0.00326383113861084
step: 330, loss: 0.0012218952178955078
step: 340, loss: 0.012519501149654388
step: 350, loss: 0.3642861545085907
step: 360, loss: 0.005646541714668274
step: 370, loss: 0.027441859245300293
step: 380, loss: 0.010183461010456085
step: 390, loss: 0.005850747227668762
step: 400, loss: 0.0034454911947250366
step: 410, loss: 0.02497921884059906
step: 420, loss: 0.0006493031978607178
step: 430, loss: 0.0012357831001281738
step: 440, loss: 0.00602702796459198
step: 450, loss: 0.0005400031805038452
step: 460, loss: 0.006199479103088379
step: 470, loss: 0.034262046217918396
step: 480, loss: 0.0002989768981933594
step: 490, loss: 0.024563223123550415
step: 500, loss: 0.0021219104528427124
step: 510, loss: 0.003313392400741577
step: 520, loss: 0.0018738210201263428
step: 530, loss: 0.004516318440437317
step: 540, loss: 0.00643514096736908
step: 550, loss: 0.004757821559906006
step: 560, loss: 0.18994785845279694
step: 570, loss: 0.0008206963539123535
step: 580, loss: 0.007376417517662048
step: 590, loss: 0.00024196505546569824
step: 600, loss: 0.008138589560985565
step: 610, loss: 0.17226675152778625
step: 620, loss: 0.007904484868049622
step: 630, loss: 0.002388298511505127
step: 640, loss: 0.002663031220436096
step: 650, loss: 0.04136669635772705
step: 660, loss: 0.010283783078193665
step: 670, loss: 0.001524806022644043
step: 680, loss: 0.004939749836921692
step: 690, loss: 0.002047702670097351
step: 700, loss: 0.008901990950107574
step: 710, loss: 0.006379172205924988
step: 720, loss: 0.0017518401145935059
step: 730, loss: 0.2435220628976822
step: 740, loss: 0.005123212933540344
step: 750, loss: 0.0014603137969970703
step: 760, loss: 0.10637234151363373
step: 770, loss: 0.003811754286289215
step: 780, loss: 0.006410814821720123
step: 790, loss: 0.002964332699775696
step: 800, loss: 0.00320260226726532
step: 810, loss: 0.005539312958717346
step: 820, loss: 0.018748760223388672
step: 830, loss: 0.03485484421253204
step: 840, loss: 0.0016635358333587646
step: 850, loss: 0.0014545023441314697
step: 860, loss: 0.0022298991680145264
step: 870, loss: 0.012056864798069
step: 880, loss: 0.00017341971397399902
step: 890, loss: 0.0015498697757720947
step: 900, loss: 0.0020479559898376465
step: 910, loss: 0.1295623779296875
step: 920, loss: 0.0019398331642150879
step: 930, loss: 0.005613736808300018
step: 940, loss: 0.01005595177412033
step: 950, loss: 0.029893673956394196
step: 960, loss: 0.00169333815574646
step: 970, loss: 0.0061606913805007935
step: 980, loss: 0.0045667290687561035
step: 990, loss: 0.006869003176689148
step: 1000, loss: 0.025922954082489014
step: 1010, loss: 0.008291147649288177
step: 1020, loss: 0.001553654670715332
step: 1030, loss: 0.00716014951467514
step: 1040, loss: 0.000517725944519043
step: 1050, loss: 0.0066717565059661865
step: 1060, loss: 0.0008315294981002808
step: 1070, loss: 0.0003342479467391968
train time:  2010.572715997696
=========eval at epoch=6=========
Validation:
======================================
accuracy=0.9819
precision=0.9481
recall=0.9551
f1=0.9516
======================================
valid time:  231.2459752559662
Test:
======================================
accuracy=0.9794
precision=0.9424
recall=0.9477
f1=0.9450
======================================
step: 0, loss: 0.004323787987232208
step: 10, loss: 0.0005242228507995605
step: 20, loss: 0.02512967586517334
step: 30, loss: 0.0006707459688186646
step: 40, loss: 0.00012704730033874512
step: 50, loss: 9.645521640777588e-05
step: 60, loss: 0.30793625116348267
step: 70, loss: 0.0507107637822628
step: 80, loss: 0.00010517239570617676
step: 90, loss: 0.00075569748878479
step: 100, loss: 0.0006108731031417847
step: 110, loss: 0.0008620768785476685
step: 120, loss: 0.0002654939889907837
step: 130, loss: 0.019703812897205353
step: 140, loss: 0.0013759881258010864
step: 150, loss: 0.2933751940727234
step: 160, loss: 6.607174873352051e-05
step: 170, loss: 0.0012996941804885864
step: 180, loss: 0.0005115419626235962
step: 190, loss: 0.0013371109962463379
step: 200, loss: 0.0029888898134231567
step: 210, loss: 0.002059727907180786
step: 220, loss: 0.00035688281059265137
step: 230, loss: 0.00015009939670562744
step: 240, loss: 0.0016923397779464722
step: 250, loss: 6.082653999328613e-05
step: 260, loss: 0.006196469068527222
step: 270, loss: 0.0001958310604095459
step: 280, loss: 0.003994837403297424
step: 290, loss: 0.0012119412422180176
step: 300, loss: 0.05940143018960953
step: 310, loss: 0.02793590910732746
step: 320, loss: 0.020389825105667114
step: 330, loss: 0.0009454488754272461
step: 340, loss: 0.0006866008043289185
step: 350, loss: 0.0011713653802871704
step: 360, loss: 0.0010576993227005005
step: 370, loss: 0.051762424409389496
step: 380, loss: 0.007278427481651306
step: 390, loss: 0.0005445629358291626
step: 400, loss: 0.02120727300643921
step: 410, loss: 0.21979255974292755
step: 420, loss: 0.0016499608755111694
step: 430, loss: 0.002785906195640564
step: 440, loss: 0.0017514228820800781
step: 450, loss: 0.006740152835845947
step: 460, loss: 0.00022810697555541992
step: 470, loss: 0.01753133535385132
step: 480, loss: 0.00038304924964904785
step: 490, loss: 0.03759793937206268
step: 500, loss: 0.007449992001056671
step: 510, loss: 0.004513934254646301
step: 520, loss: 0.06501086056232452
step: 530, loss: 0.0007333755493164062
step: 540, loss: 0.02767021581530571
step: 550, loss: 0.002396419644355774
step: 560, loss: 0.1025816947221756
step: 570, loss: 4.1365623474121094e-05
step: 580, loss: 0.005187779664993286
step: 590, loss: 0.000145643949508667
step: 600, loss: 0.00041697919368743896
step: 610, loss: 0.0028378069400787354
step: 620, loss: 0.004221752285957336
step: 630, loss: 0.10822273790836334
step: 640, loss: 0.001959756016731262
step: 650, loss: 1.0311603546142578e-05
step: 660, loss: 0.012700766324996948
step: 670, loss: 0.007778763771057129
step: 680, loss: 0.001911059021949768
step: 690, loss: 0.0045932382345199585
step: 700, loss: 0.02289382368326187
step: 710, loss: 0.011976659297943115
step: 720, loss: 0.06412365287542343
step: 730, loss: 0.0013218224048614502
step: 740, loss: 0.00226747989654541
step: 750, loss: 0.00377819687128067
step: 760, loss: 0.007962211966514587
step: 770, loss: 0.002844780683517456
step: 780, loss: 0.013004809617996216
step: 790, loss: 0.2374475747346878
step: 800, loss: 0.007506042718887329
step: 810, loss: 0.0018753409385681152
step: 820, loss: 0.00015078485012054443
step: 830, loss: 7.18533992767334e-05
step: 840, loss: 4.2945146560668945e-05
step: 850, loss: 5.537271499633789e-05
step: 860, loss: 2.9653310775756836e-05
step: 870, loss: 0.0032289475202560425
step: 880, loss: 0.2937290370464325
step: 890, loss: 0.04243790730834007
step: 900, loss: 0.003822021186351776
step: 910, loss: 0.0003345608711242676
step: 920, loss: 0.007429882884025574
step: 930, loss: 0.001619189977645874
step: 940, loss: 0.001373887062072754
step: 950, loss: 0.018170688301324844
step: 960, loss: 0.0025541335344314575
step: 970, loss: 0.0007577389478683472
step: 980, loss: 0.0002234131097793579
step: 990, loss: 3.528594970703125e-05
step: 1000, loss: 0.00021669268608093262
step: 1010, loss: 0.0014538764953613281
step: 1020, loss: 0.008509673178195953
step: 1030, loss: 7.596611976623535e-05
step: 1040, loss: 0.02444005012512207
step: 1050, loss: 0.0004038959741592407
step: 1060, loss: 0.004791319370269775
step: 1070, loss: 0.0006048977375030518
train time:  2014.9184715747833
=========eval at epoch=7=========
Validation:
======================================
accuracy=0.9800
precision=0.9237
recall=0.9729
f1=0.9477
======================================
valid time:  231.30049347877502
Test:
======================================
accuracy=0.9774
precision=0.9174
recall=0.9654
f1=0.9408
======================================
step: 0, loss: 0.0018031001091003418
step: 10, loss: 0.00022020936012268066
step: 20, loss: 0.0749884843826294
step: 30, loss: 0.02107870578765869
step: 40, loss: 0.0010906308889389038
step: 50, loss: 0.00024719536304473877
step: 60, loss: 0.00033104419708251953
step: 70, loss: 0.00522594153881073
step: 80, loss: 0.00550021231174469
step: 90, loss: 0.0025833696126937866
step: 100, loss: 0.0518813282251358
step: 110, loss: 0.000622481107711792
step: 120, loss: 1.913309097290039e-05
step: 130, loss: 0.0008978396654129028
step: 140, loss: 0.00013008713722229004
step: 150, loss: 0.11840079724788666
step: 160, loss: 0.0033411532640457153
step: 170, loss: 0.0023517906665802
step: 180, loss: 0.012913838028907776
step: 190, loss: 0.0012149512767791748
step: 200, loss: 0.0047258734703063965
step: 210, loss: 0.027734145522117615
step: 220, loss: 0.004095390439033508
step: 230, loss: 0.0005530864000320435
step: 240, loss: 0.0017812252044677734
step: 250, loss: 0.0008103251457214355
step: 260, loss: 0.0030915439128875732
step: 270, loss: 0.0004963725805282593
step: 280, loss: 0.00847083330154419
step: 290, loss: 0.003362894058227539
step: 300, loss: 0.0008053183555603027
step: 310, loss: 0.00034993886947631836
step: 320, loss: 0.05623325705528259
step: 330, loss: 0.004640065133571625
step: 340, loss: 0.000623852014541626
step: 350, loss: 0.0010642856359481812
step: 360, loss: 0.005741700530052185
step: 370, loss: 0.002087026834487915
step: 380, loss: 0.00015810132026672363
step: 390, loss: 0.002124384045600891
step: 400, loss: 0.0014377236366271973
step: 410, loss: 0.00035281479358673096
step: 420, loss: 0.007988862693309784
step: 430, loss: 0.004260122776031494
step: 440, loss: 0.0029675811529159546
step: 450, loss: 0.0033085644245147705
step: 460, loss: 0.00012022256851196289
step: 470, loss: 0.0007967948913574219
step: 480, loss: 1.2576580047607422e-05
step: 490, loss: 1.6510486602783203e-05
step: 500, loss: 0.0008769482374191284
step: 510, loss: 0.0031737089157104492
step: 520, loss: 0.0004641711711883545
step: 530, loss: 0.00022716820240020752
step: 540, loss: 0.0010421723127365112
step: 550, loss: 0.0007654130458831787
step: 560, loss: 0.0002692192792892456
step: 570, loss: 0.005235433578491211
step: 580, loss: 0.00026533007621765137
step: 590, loss: 0.00016976892948150635
step: 600, loss: 0.0001347064971923828
step: 610, loss: 0.058228567242622375
step: 620, loss: 0.0012701749801635742
step: 630, loss: 0.011440582573413849
step: 640, loss: 0.00044399499893188477
step: 650, loss: 0.04509863257408142
step: 660, loss: 0.0021274536848068237
step: 670, loss: 0.022897668182849884
step: 680, loss: 0.0013448596000671387
step: 690, loss: 0.012936607003211975
step: 700, loss: 0.004067838191986084
step: 710, loss: 0.0007365643978118896
step: 720, loss: 0.001943439245223999
step: 730, loss: 0.14467701315879822
step: 740, loss: 0.04853679984807968
step: 750, loss: 0.0007625073194503784
step: 760, loss: 0.13690470159053802
step: 770, loss: 0.0006126165390014648
step: 780, loss: 0.0017230957746505737
step: 790, loss: 0.0009771287441253662
step: 800, loss: 0.016689464449882507
step: 810, loss: 0.003085121512413025
step: 820, loss: 0.0012461096048355103
step: 830, loss: 0.00035785138607025146
step: 840, loss: 0.03402611240744591
step: 850, loss: 0.0013228505849838257
step: 860, loss: 7.37607479095459e-05
step: 870, loss: 0.0011587738990783691
step: 880, loss: 0.00472751259803772
step: 890, loss: 0.0007382482290267944
step: 900, loss: 0.006333768367767334
step: 910, loss: 0.0003097355365753174
step: 920, loss: 0.014303654432296753
step: 930, loss: 0.00035306811332702637
step: 940, loss: 0.005123764276504517
step: 950, loss: 0.002439752221107483
step: 960, loss: 0.00022333860397338867
step: 970, loss: 0.002406507730484009
step: 980, loss: 0.00015681982040405273
step: 990, loss: 0.0003006160259246826
step: 1000, loss: 0.006127536296844482
step: 1010, loss: 0.0010269135236740112
step: 1020, loss: 0.00013679265975952148
step: 1030, loss: 0.001399204134941101
step: 1040, loss: 0.008866585791110992
step: 1050, loss: 0.012073710560798645
step: 1060, loss: 0.001330539584159851
step: 1070, loss: 0.0026063770055770874
train time:  2008.713109254837
=========eval at epoch=8=========
Validation:
======================================
accuracy=0.9805
precision=0.9292
recall=0.9692
f1=0.9488
======================================
valid time:  231.10472106933594
Test:
======================================
accuracy=0.9798
precision=0.9290
recall=0.9654
f1=0.9468
======================================
step: 0, loss: 0.0030809491872787476
step: 10, loss: 2.2649765014648438e-05
step: 20, loss: 0.00012555718421936035
step: 30, loss: 0.0010309964418411255
step: 40, loss: 0.00022061169147491455
step: 50, loss: 0.0017406195402145386
step: 60, loss: 0.0017216503620147705
step: 70, loss: 0.0002788156270980835
step: 80, loss: 0.0007120966911315918
step: 90, loss: 0.0024171918630599976
step: 100, loss: 0.001082882285118103
step: 110, loss: 0.007133737206459045
step: 120, loss: 0.002358183264732361
step: 130, loss: 0.00012171268463134766
step: 140, loss: 0.002078503370285034
step: 150, loss: 5.0514936447143555e-05
step: 160, loss: 0.00027635693550109863
step: 170, loss: 8.231401443481445e-05
step: 180, loss: 0.0003243982791900635
step: 190, loss: 0.006327599287033081
step: 200, loss: 7.539987564086914e-06
step: 210, loss: 0.003796026110649109
step: 220, loss: 0.0024541765451431274
step: 230, loss: 0.0015818625688552856
step: 240, loss: 0.00017964839935302734
step: 250, loss: 0.0004776865243911743
step: 260, loss: 0.0008300244808197021
step: 270, loss: 0.012016579508781433
step: 280, loss: 0.00134296715259552
step: 290, loss: 0.25726938247680664
step: 300, loss: 0.0011255443096160889
step: 310, loss: 0.009146541357040405
step: 320, loss: 0.008633330464363098
step: 330, loss: 5.8710575103759766e-06
step: 340, loss: 0.0004852712154388428
step: 350, loss: 0.000183790922164917
step: 360, loss: 0.002974182367324829
step: 370, loss: 0.002536401152610779
step: 380, loss: 0.00010031461715698242
step: 390, loss: 0.005946531891822815
step: 400, loss: 0.0002511739730834961
step: 410, loss: 0.02429073303937912
step: 420, loss: 0.00022514164447784424
step: 430, loss: 2.3752450942993164e-05
step: 440, loss: 0.0003208070993423462
step: 450, loss: 7.957220077514648e-05
step: 460, loss: 9.137392044067383e-05
step: 470, loss: 0.0001398026943206787
step: 480, loss: 3.9964914321899414e-05
step: 490, loss: 0.0035074353218078613
step: 500, loss: 0.0033097192645072937
step: 510, loss: 0.00020876526832580566
step: 520, loss: 1.2099742889404297e-05
step: 530, loss: 0.002539798617362976
step: 540, loss: 0.16670818626880646
step: 550, loss: 2.5272369384765625e-05
step: 560, loss: 0.0036690235137939453
step: 570, loss: 5.269050598144531e-05
step: 580, loss: 0.004584208130836487
step: 590, loss: 0.0034952908754348755
step: 600, loss: 0.015352077782154083
step: 610, loss: 0.00033229589462280273
step: 620, loss: 0.001716911792755127
step: 630, loss: 8.821487426757812e-06
step: 640, loss: 0.00022542476654052734
step: 650, loss: 0.12602248787879944
step: 660, loss: 0.0018298476934432983
step: 670, loss: 1.0699033737182617e-05
step: 680, loss: 0.012059316039085388
step: 690, loss: 0.0020722001791000366
step: 700, loss: 0.0008811056613922119
step: 710, loss: 0.00044405460357666016
step: 720, loss: 0.00015988945960998535
step: 730, loss: 0.0733933299779892
step: 740, loss: 0.009684920310974121
step: 750, loss: 2.5570392608642578e-05
step: 760, loss: 5.2481889724731445e-05
step: 770, loss: 0.0025847256183624268
step: 780, loss: 0.00035043060779571533
step: 790, loss: 0.00011286139488220215
step: 800, loss: 0.0012525320053100586
step: 810, loss: 0.0009709000587463379
step: 820, loss: 0.006304532289505005
step: 830, loss: 8.51750373840332e-05
step: 840, loss: 0.005461603403091431
step: 850, loss: 0.001983270049095154
step: 860, loss: 0.0007083415985107422
step: 870, loss: 0.0011080801486968994
step: 880, loss: 0.004106298089027405
step: 890, loss: 0.0399608388543129
step: 900, loss: 0.0004285573959350586
step: 910, loss: 3.668665885925293e-05
step: 920, loss: 0.0016330480575561523
step: 930, loss: 7.539987564086914e-05
step: 940, loss: 0.00020134449005126953
step: 950, loss: 0.0144491046667099
step: 960, loss: 0.00019732117652893066
step: 970, loss: 0.010888159275054932
step: 980, loss: 3.618001937866211e-05
step: 990, loss: 0.0037255287170410156
step: 1000, loss: 0.0013594776391983032
step: 1010, loss: 0.0036537498235702515
step: 1020, loss: 6.866455078125e-05
step: 1030, loss: 0.00039474666118621826
step: 1040, loss: 3.883242607116699e-05
step: 1050, loss: 6.917119026184082e-05
step: 1060, loss: 8.244812488555908e-05
step: 1070, loss: 0.0013279616832733154
train time:  2003.0193252563477
=========eval at epoch=9=========
Validation:
======================================
accuracy=0.9812
precision=0.9429
recall=0.9570
f1=0.9499
======================================
valid time:  230.89730429649353
Test:
======================================
accuracy=0.9800
precision=0.9434
recall=0.9495
f1=0.9464
======================================
step: 0, loss: 0.0013019442558288574
step: 10, loss: 0.0004019439220428467
step: 20, loss: 0.0022672563791275024
step: 30, loss: 0.0006421804428100586
step: 40, loss: 0.0022733360528945923
step: 50, loss: 0.0006180107593536377
step: 60, loss: 0.0012705028057098389
step: 70, loss: 0.002753645181655884
step: 80, loss: 0.005425840616226196
step: 90, loss: 0.0007405728101730347
step: 100, loss: 0.0011413395404815674
step: 110, loss: 7.992982864379883e-05
step: 120, loss: 0.00076274573802948
step: 130, loss: 7.849931716918945e-05
step: 140, loss: 0.0003551393747329712
step: 150, loss: 0.00012698769569396973
step: 160, loss: 1.609325408935547e-05
step: 170, loss: 0.00026097893714904785
step: 180, loss: 0.0029064565896987915
step: 190, loss: 0.00029331445693969727
step: 200, loss: 0.00020392239093780518
step: 210, loss: 0.0011698007583618164
step: 220, loss: 6.008148193359375e-05
step: 230, loss: 6.480515003204346e-05
step: 240, loss: 0.00020287930965423584
step: 250, loss: 0.00016286969184875488
step: 260, loss: 0.00022038817405700684
step: 270, loss: 0.00021860003471374512
step: 280, loss: 4.225969314575195e-05
step: 290, loss: 0.00014024972915649414
step: 300, loss: 0.0041999369859695435
step: 310, loss: 0.0030270367860794067
step: 320, loss: 0.00014588236808776855
step: 330, loss: 0.028051532804965973
step: 340, loss: 7.81714916229248e-05
step: 350, loss: 0.00041547417640686035
step: 360, loss: 0.0010346919298171997
step: 370, loss: 1.043081283569336e-05
step: 380, loss: 0.0019235610961914062
step: 390, loss: 0.0007773041725158691
step: 400, loss: 0.00021642446517944336
step: 410, loss: 0.011140942573547363
step: 420, loss: 0.00035896897315979004
step: 430, loss: 0.0010425448417663574
step: 440, loss: 0.001261204481124878
step: 450, loss: 0.0067581906914711
step: 460, loss: 0.005278393626213074
step: 470, loss: 0.00036482512950897217
step: 480, loss: 0.00018310546875
step: 490, loss: 0.0002178400754928589
step: 500, loss: 0.0013284385204315186
step: 510, loss: 4.0858983993530273e-05
step: 520, loss: 0.00014212727546691895
step: 530, loss: 5.996227264404297e-05
step: 540, loss: 0.0014623552560806274
step: 550, loss: 0.00010195374488830566
step: 560, loss: 0.00015451014041900635
step: 570, loss: 0.0008745193481445312
step: 580, loss: 0.000674322247505188
step: 590, loss: 0.0007306933403015137
step: 600, loss: 9.718537330627441e-05
step: 610, loss: 3.1441450119018555e-05
step: 620, loss: 0.0004296600818634033
step: 630, loss: 0.00010454654693603516
step: 640, loss: 0.0012096315622329712
step: 650, loss: 6.10649585723877e-05
step: 660, loss: 0.23551301658153534
step: 670, loss: 0.00397200882434845
step: 680, loss: 0.0014225244522094727
step: 690, loss: 0.001643538475036621
step: 700, loss: 0.00028343498706817627
step: 710, loss: 0.00038811564445495605
step: 720, loss: 0.00016170740127563477
step: 730, loss: 0.000292167067527771
step: 740, loss: 0.0010766685009002686
step: 750, loss: 0.00014168024063110352
step: 760, loss: 0.0013427138328552246
step: 770, loss: 0.0001398324966430664
step: 780, loss: 1.4334917068481445e-05
step: 790, loss: 0.00021696090698242188
step: 800, loss: 2.536177635192871e-05
step: 810, loss: 0.0005329996347427368
step: 820, loss: 6.556510925292969e-07
step: 830, loss: 4.240870475769043e-05
step: 840, loss: 1.1533498764038086e-05
step: 850, loss: 1.4126300811767578e-05
step: 860, loss: 0.006371244788169861
step: 870, loss: 0.0017427802085876465
step: 880, loss: 0.00849190354347229
step: 890, loss: 0.0003843456506729126
step: 900, loss: 0.0006568431854248047
step: 910, loss: 0.0013756752014160156
step: 920, loss: 0.013044752180576324
step: 930, loss: 0.0001443624496459961
step: 940, loss: 0.0010007470846176147
step: 950, loss: 0.00037741661071777344
step: 960, loss: 0.0027877986431121826
step: 970, loss: 0.002892710268497467
step: 980, loss: 1.5169382095336914e-05
step: 990, loss: 0.00046768784523010254
step: 1000, loss: 0.0008201152086257935
step: 1010, loss: 0.00015687942504882812
step: 1020, loss: 0.00010541081428527832
step: 1030, loss: 4.374980926513672e-05
step: 1040, loss: 0.00038129091262817383
step: 1050, loss: 0.0012822970747947693
step: 1060, loss: 0.0024556964635849
step: 1070, loss: 0.0005621910095214844
train time:  2008.9184594154358
=========eval at epoch=10=========
Validation:
======================================
accuracy=0.9810
precision=0.9420
recall=0.9570
f1=0.9495
======================================
valid time:  230.80046725273132
Test:
======================================
accuracy=0.9801
precision=0.9434
recall=0.9505
f1=0.9469
======================================
