Device cuda
step: 0, loss: 4.205610752105713
step: 10, loss: 0.35098767280578613
step: 20, loss: 0.5911402702331543
step: 30, loss: 0.1477087438106537
step: 40, loss: 1.311199426651001
step: 50, loss: 0.49010148644447327
step: 60, loss: 0.3698405921459198
step: 70, loss: 0.24168168008327484
step: 80, loss: 0.915272057056427
train time:  61.48578071594238
=========eval at epoch=1=========
Validation:
======================================
accuracy=0.7982
precision=0.6923
recall=0.3333
f1=0.4500
======================================
valid time:  6.780689477920532
Test:
======================================
accuracy=0.8807
precision=0.8889
recall=0.5926
f1=0.7111
======================================
step: 0, loss: 0.19037750363349915
step: 10, loss: 0.21432211995124817
step: 20, loss: 0.2679705023765564
step: 30, loss: 0.013577371835708618
step: 40, loss: 0.25723445415496826
step: 50, loss: 0.4221251904964447
step: 60, loss: 0.42848971486091614
step: 70, loss: 0.32319074869155884
step: 80, loss: 0.3871195614337921
train time:  60.782652139663696
=========eval at epoch=2=========
Validation:
======================================
accuracy=0.7982
precision=0.5641
recall=0.8148
f1=0.6667
======================================
valid time:  6.807082653045654
Test:
======================================
accuracy=0.8807
precision=0.6944
recall=0.9259
f1=0.7937
======================================
step: 0, loss: 0.3550935983657837
step: 10, loss: 0.10445178300142288
step: 20, loss: 0.007906407117843628
step: 30, loss: 0.35174810886383057
step: 40, loss: 0.10872387886047363
step: 50, loss: 0.18178312480449677
step: 60, loss: 0.04299553856253624
step: 70, loss: 0.18412995338439941
step: 80, loss: 0.5706430673599243
train time:  60.52535438537598
=========eval at epoch=3=========
Validation:
======================================
accuracy=0.8532
precision=0.7619
recall=0.5926
f1=0.6667
======================================
valid time:  6.7807297706604
Test:
======================================
accuracy=0.9083
precision=0.8696
recall=0.7407
f1=0.8000
======================================
step: 0, loss: 0.43203991651535034
step: 10, loss: 0.12057650089263916
step: 20, loss: 0.4107964336872101
step: 30, loss: 0.06734033674001694
step: 40, loss: 0.06295331567525864
step: 50, loss: 0.2171938717365265
step: 60, loss: 0.02185729146003723
step: 70, loss: 0.03067469596862793
step: 80, loss: 8.106231689453125e-06
train time:  60.58408570289612
=========eval at epoch=4=========
Validation:
======================================
accuracy=0.8899
precision=0.8571
recall=0.6667
f1=0.7500
======================================
valid time:  6.776589393615723
Test:
======================================
accuracy=0.9358
precision=0.9545
recall=0.7778
f1=0.8571
======================================
step: 0, loss: 0.010190814733505249
step: 10, loss: 0.08783119916915894
step: 20, loss: 0.2216929942369461
step: 30, loss: 0.0012191534042358398
step: 40, loss: 0.002959221601486206
step: 50, loss: 0.02778308093547821
step: 60, loss: 0.03433981537818909
step: 70, loss: 0.39997464418411255
step: 80, loss: 4.482269287109375e-05
train time:  60.96943426132202
=========eval at epoch=5=========
Validation:
======================================
accuracy=0.9266
precision=0.8519
recall=0.8519
f1=0.8519
======================================
valid time:  6.7981650829315186
Test:
======================================
accuracy=0.9450
precision=0.8889
recall=0.8889
f1=0.8889
======================================
step: 0, loss: 0.024090468883514404
step: 10, loss: 0.20367267727851868
step: 20, loss: 0.07918283343315125
step: 30, loss: 0.13634079694747925
step: 40, loss: 0.0004953145980834961
step: 50, loss: 0.02567295730113983
step: 60, loss: 0.0007584691047668457
step: 70, loss: 0.023374855518341064
step: 80, loss: 3.814697265625e-06
train time:  60.48125195503235
=========eval at epoch=6=========
Validation:
======================================
accuracy=0.9358
precision=0.9167
recall=0.8148
f1=0.8627
======================================
valid time:  6.771881580352783
Test:
======================================
accuracy=0.9450
precision=0.9200
recall=0.8519
f1=0.8846
======================================
step: 0, loss: 0.03786131739616394
step: 10, loss: 2.0623207092285156e-05
step: 20, loss: 6.771087646484375e-05
step: 30, loss: 0.0003552436828613281
step: 40, loss: 0.26936373114585876
step: 50, loss: 1.9311904907226562e-05
step: 60, loss: 0.010836035013198853
step: 70, loss: 9.5367431640625e-06
step: 80, loss: 0.01667475700378418
train time:  61.32496500015259
=========eval at epoch=7=========
Validation:
======================================
accuracy=0.9358
precision=0.9167
recall=0.8148
f1=0.8627
======================================
valid time:  6.8128039836883545
Test:
======================================
accuracy=0.9450
precision=0.9565
recall=0.8148
f1=0.8800
======================================
step: 0, loss: 0.033543527126312256
step: 10, loss: 2.384185791015625e-07
step: 20, loss: 0.053005725145339966
step: 30, loss: 0.001661062240600586
step: 40, loss: 2.384185791015625e-07
step: 50, loss: 0.19935543835163116
step: 60, loss: 0.005960643291473389
step: 70, loss: 1.5020370483398438e-05
step: 80, loss: 0.013802766799926758
train time:  61.340808629989624
=========eval at epoch=8=========
Validation:
======================================
accuracy=0.9358
precision=0.8846
recall=0.8519
f1=0.8679
======================================
valid time:  6.794467210769653
Test:
======================================
accuracy=0.9633
precision=0.8966
recall=0.9630
f1=0.9286
======================================
step: 0, loss: 0.0007240772247314453
step: 10, loss: 0.002129673957824707
step: 20, loss: 9.059906005859375e-06
step: 30, loss: 0.0035361051559448242
step: 40, loss: 0.011705726385116577
step: 50, loss: 0.06705738604068756
step: 60, loss: 0.014918774366378784
step: 70, loss: 0.002864658832550049
step: 80, loss: 0.0024192333221435547
train time:  61.163193225860596
=========eval at epoch=9=========
Validation:
======================================
accuracy=0.9358
precision=0.9167
recall=0.8148
f1=0.8627
======================================
valid time:  6.776402950286865
Test:
======================================
accuracy=0.9633
precision=0.8966
recall=0.9630
f1=0.9286
======================================
step: 0, loss: 0.0014230608940124512
step: 10, loss: 0.0008523464202880859
step: 20, loss: 0.020879119634628296
step: 30, loss: 0.07328836619853973
step: 40, loss: 0.001908719539642334
step: 50, loss: 2.86102294921875e-06
step: 60, loss: 0.0035654306411743164
step: 70, loss: 0.01924869418144226
step: 80, loss: 0.00028324127197265625
train time:  60.26154041290283
=========eval at epoch=10=========
Validation:
======================================
accuracy=0.9266
precision=0.9130
recall=0.7778
f1=0.8400
======================================
valid time:  6.80570912361145
Test:
======================================
accuracy=0.9541
precision=0.8929
recall=0.9259
f1=0.9091
======================================
