Traceback (most recent call last):
  File "train.py", line 5, in <module>
    from model.eval import eval_on_task
  File "/workspace/HierGAT/model/eval.py", line 1, in <module>
    import torch
  File "/opt/conda/lib/python3.7/site-packages/torch/__init__.py", line 280, in <module>
    from .functional import *
  File "/opt/conda/lib/python3.7/site-packages/torch/functional.py", line 2, in <module>
    import torch.nn.functional as F
  File "/opt/conda/lib/python3.7/site-packages/torch/nn/__init__.py", line 1, in <module>
    from .modules import *
  File "/opt/conda/lib/python3.7/site-packages/torch/nn/modules/__init__.py", line 2, in <module>
    from .linear import Identity, Linear, Bilinear
  File "/opt/conda/lib/python3.7/site-packages/torch/nn/modules/linear.py", line 5, in <module>
    from .. import functional as F
  File "/opt/conda/lib/python3.7/site-packages/torch/nn/functional.py", line 9, in <module>
    from . import _reduction as _Reduction
  File "<frozen importlib._bootstrap>", line 983, in _find_and_load
  File "<frozen importlib._bootstrap>", line 967, in _find_and_load_unlocked
  File "<frozen importlib._bootstrap>", line 677, in _load_unlocked
  File "<frozen importlib._bootstrap_external>", line 724, in exec_module
  File "<frozen importlib._bootstrap_external>", line 800, in get_code
  File "<frozen importlib._bootstrap_external>", line 401, in _check_name_wrapper
KeyboardInterrupt
