Device cuda
step: 0, loss: 0.26668262481689453
step: 10, loss: 0.5606102347373962
step: 20, loss: 0.3875676691532135
step: 30, loss: 0.37341442704200745
step: 40, loss: 0.3569290041923523
step: 50, loss: 0.4398033618927002
step: 60, loss: 0.05007104575634003
step: 70, loss: 0.19859471917152405
step: 80, loss: 0.44707393646240234
step: 90, loss: 0.31695178151130676
step: 100, loss: 0.03088466078042984
step: 110, loss: 0.38879790902137756
step: 120, loss: 0.3667219281196594
step: 130, loss: 0.3456287682056427
step: 140, loss: 0.13361644744873047
step: 150, loss: 0.5118997097015381
step: 160, loss: 0.3501725196838379
step: 170, loss: 0.1319156289100647
step: 180, loss: 0.32128122448921204
step: 190, loss: 0.2232426404953003
step: 200, loss: 0.24031788110733032
step: 210, loss: 0.25974738597869873
step: 220, loss: 0.06825044751167297
step: 230, loss: 0.24447138607501984
step: 240, loss: 0.18683810532093048
step: 250, loss: 0.08040598034858704
step: 260, loss: 0.0544215589761734
step: 270, loss: 0.2524052858352661
step: 280, loss: 0.3263985216617584
step: 290, loss: 0.052469804883003235
step: 300, loss: 0.4081929922103882
step: 310, loss: 0.20505410432815552
step: 320, loss: 0.44024384021759033
step: 330, loss: 0.5450147390365601
step: 340, loss: 0.17870762944221497
step: 350, loss: 0.34209078550338745
step: 360, loss: 0.21705523133277893
step: 370, loss: 0.381428599357605
step: 380, loss: 0.06860063225030899
train time:  774.5374662876129
=========eval at epoch=1=========
Validation:
======================================
accuracy=0.9341
precision=0.7959
recall=0.4041
f1=0.5361
======================================
valid time:  91.15327501296997
Test:
======================================
accuracy=0.9370
precision=0.8478
recall=0.4041
f1=0.5474
======================================
step: 0, loss: 0.5206137895584106
step: 10, loss: 0.07300620526075363
step: 20, loss: 0.6647630333900452
step: 30, loss: 0.028415992856025696
step: 40, loss: 0.20287254452705383
step: 50, loss: 0.475065141916275
step: 60, loss: 0.07153162360191345
step: 70, loss: 0.013776227831840515
step: 80, loss: 0.04223502427339554
step: 90, loss: 0.30041274428367615
step: 100, loss: 0.29697999358177185
step: 110, loss: 0.30443453788757324
step: 120, loss: 0.23491458594799042
step: 130, loss: 0.09330741316080093
step: 140, loss: 0.1303938776254654
step: 150, loss: 0.363383948802948
step: 160, loss: 0.08082769811153412
step: 170, loss: 0.03493960574269295
step: 180, loss: 0.1960630565881729
step: 190, loss: 0.01897314190864563
step: 200, loss: 0.47334879636764526
step: 210, loss: 0.07992035150527954
step: 220, loss: 0.301411509513855
step: 230, loss: 0.07299994677305222
step: 240, loss: 0.398495078086853
step: 250, loss: 0.39489424228668213
step: 260, loss: 0.0448722317814827
step: 270, loss: 0.42059212923049927
step: 280, loss: 0.14749963581562042
step: 290, loss: 0.013121679425239563
step: 300, loss: 0.12409889698028564
step: 310, loss: 0.07232726365327835
step: 320, loss: 0.3917836546897888
step: 330, loss: 0.03109954297542572
step: 340, loss: 0.012369111180305481
step: 350, loss: 0.10612592101097107
step: 360, loss: 0.007715538144111633
step: 370, loss: 0.22150743007659912
step: 380, loss: 0.059545546770095825
train time:  770.8189358711243
=========eval at epoch=2=========
Validation:
======================================
accuracy=0.9390
precision=0.6318
recall=0.8446
f1=0.7228
======================================
valid time:  91.26591777801514
Test:
======================================
accuracy=0.9331
precision=0.6077
recall=0.8187
f1=0.6976
======================================
step: 0, loss: 0.19933700561523438
step: 10, loss: 0.15607741475105286
step: 20, loss: 0.10789590328931808
step: 30, loss: 0.0757986456155777
step: 40, loss: 0.12128288298845291
step: 50, loss: 0.022673994302749634
step: 60, loss: 0.11727229505777359
step: 70, loss: 0.0032064616680145264
step: 80, loss: 0.2637135982513428
step: 90, loss: 0.2538143992424011
step: 100, loss: 0.04891015589237213
step: 110, loss: 0.03296873718500137
step: 120, loss: 0.012009948492050171
step: 130, loss: 0.02265186607837677
step: 140, loss: 0.034782782196998596
step: 150, loss: 0.010157853364944458
step: 160, loss: 0.22871971130371094
step: 170, loss: 0.06458213925361633
step: 180, loss: 0.0033539682626724243
step: 190, loss: 0.1762380599975586
step: 200, loss: 0.010550528764724731
step: 210, loss: 0.024919182062149048
step: 220, loss: 0.009836092591285706
step: 230, loss: 0.0829121321439743
step: 240, loss: 0.07962524890899658
step: 250, loss: 0.006962940096855164
step: 260, loss: 0.10617560148239136
step: 270, loss: 0.009719371795654297
step: 280, loss: 0.006765305995941162
step: 290, loss: 0.042598240077495575
step: 300, loss: 0.012989252805709839
step: 310, loss: 0.06996376812458038
step: 320, loss: 0.027145713567733765
step: 330, loss: 0.37370002269744873
step: 340, loss: 0.11342557519674301
step: 350, loss: 0.04146082326769829
step: 360, loss: 0.0918327048420906
step: 370, loss: 0.24616526067256927
step: 380, loss: 0.16814793646335602
train time:  772.1588015556335
=========eval at epoch=3=========
Validation:
======================================
accuracy=0.9585
precision=0.7842
recall=0.7720
f1=0.7781
======================================
valid time:  91.22864055633545
Test:
======================================
accuracy=0.9546
precision=0.7632
recall=0.7513
f1=0.7572
======================================
step: 0, loss: 0.10479036718606949
step: 10, loss: 0.011203810572624207
step: 20, loss: 0.07928464561700821
step: 30, loss: 0.006757259368896484
step: 40, loss: 0.06223113089799881
step: 50, loss: 0.002427339553833008
step: 60, loss: 0.0238630548119545
step: 70, loss: 0.18398575484752655
step: 80, loss: 0.04996369034051895
step: 90, loss: 0.08622731268405914
step: 100, loss: 0.0014237761497497559
step: 110, loss: 0.06109466403722763
step: 120, loss: 0.02249424159526825
step: 130, loss: 0.016360878944396973
step: 140, loss: 0.013818204402923584
step: 150, loss: 0.017446979880332947
step: 160, loss: 0.026193425059318542
step: 170, loss: 0.024270907044410706
step: 180, loss: 0.006891727447509766
step: 190, loss: 0.010614514350891113
step: 200, loss: 0.05939602106809616
step: 210, loss: 0.1613255888223648
step: 220, loss: 0.008129991590976715
step: 230, loss: 0.18097959458827972
step: 240, loss: 0.01337653398513794
step: 250, loss: 0.15320411324501038
step: 260, loss: 0.19542363286018372
step: 270, loss: 0.02327645570039749
step: 280, loss: 0.1169203668832779
step: 290, loss: 0.03683046996593475
step: 300, loss: 0.023252427577972412
step: 310, loss: 0.049898501485586166
step: 320, loss: 0.05825334042310715
step: 330, loss: 0.014937743544578552
step: 340, loss: 0.011289507150650024
step: 350, loss: 0.010886959731578827
step: 360, loss: 0.14451396465301514
step: 370, loss: 0.2816621661186218
step: 380, loss: 0.0013315677642822266
train time:  774.0676469802856
=========eval at epoch=4=========
Validation:
======================================
accuracy=0.9629
precision=0.9209
recall=0.6632
f1=0.7711
======================================
valid time:  91.22090935707092
Test:
======================================
accuracy=0.9619
precision=0.9137
recall=0.6580
f1=0.7651
======================================
step: 0, loss: 0.0018743425607681274
step: 10, loss: 0.008003577589988708
step: 20, loss: 0.03324539214372635
step: 30, loss: 0.009485065937042236
step: 40, loss: 0.003489449620246887
step: 50, loss: 0.07980258762836456
step: 60, loss: 0.0035617053508758545
step: 70, loss: 0.01137714833021164
step: 80, loss: 0.08896317332983017
step: 90, loss: 0.03831975907087326
step: 100, loss: 0.004082903265953064
step: 110, loss: 0.003122091293334961
step: 120, loss: 0.16928070783615112
step: 130, loss: 0.0155659019947052
step: 140, loss: 0.014765605330467224
step: 150, loss: 0.0017913281917572021
step: 160, loss: 0.012087121605873108
step: 170, loss: 0.003998696804046631
step: 180, loss: 0.032208845019340515
step: 190, loss: 0.0005108267068862915
step: 200, loss: 0.014497905969619751
step: 210, loss: 0.008534252643585205
step: 220, loss: 0.001335829496383667
step: 230, loss: 0.011650577187538147
step: 240, loss: 0.006602779030799866
step: 250, loss: 0.002488434314727783
step: 260, loss: 0.03781716153025627
step: 270, loss: 0.004543974995613098
step: 280, loss: 0.008781485259532928
step: 290, loss: 0.011102676391601562
step: 300, loss: 0.016150042414665222
step: 310, loss: 0.0012851059436798096
step: 320, loss: 0.009597599506378174
step: 330, loss: 0.0006512552499771118
step: 340, loss: 0.025650758296251297
step: 350, loss: 0.004671230912208557
step: 360, loss: 0.0881698876619339
step: 370, loss: 0.020961210131645203
step: 380, loss: 0.05143595486879349
train time:  774.7460310459137
=========eval at epoch=5=========
Validation:
======================================
accuracy=0.9614
precision=0.8800
recall=0.6839
f1=0.7697
======================================
valid time:  91.24197101593018
Test:
======================================
accuracy=0.9605
precision=0.8944
recall=0.6580
f1=0.7582
======================================
step: 0, loss: 0.023453764617443085
step: 10, loss: 0.026346005499362946
step: 20, loss: 0.021651282906532288
step: 30, loss: 0.11856035888195038
step: 40, loss: 0.004738762974739075
step: 50, loss: 0.009207278490066528
step: 60, loss: 0.007914155721664429
step: 70, loss: 0.001634746789932251
step: 80, loss: 0.09275980293750763
step: 90, loss: 0.016226544976234436
step: 100, loss: 0.0013831555843353271
step: 110, loss: 0.00595516711473465
step: 120, loss: 0.029802322387695312
step: 130, loss: 0.06858838349580765
step: 140, loss: 0.19929520785808563
step: 150, loss: 0.007637113332748413
step: 160, loss: 0.1649795025587082
step: 170, loss: 0.009082145988941193
step: 180, loss: 0.002954825758934021
step: 190, loss: 0.011893510818481445
step: 200, loss: 0.0021111518144607544
step: 210, loss: 0.0036358535289764404
step: 220, loss: 0.1982458233833313
step: 230, loss: 0.0054939910769462585
step: 240, loss: 0.01248273253440857
step: 250, loss: 0.006635159254074097
step: 260, loss: 0.05245305225253105
step: 270, loss: 0.0067681968212127686
step: 280, loss: 0.0012757480144500732
step: 290, loss: 0.0030760467052459717
step: 300, loss: 0.0026657134294509888
step: 310, loss: 0.0014202892780303955
step: 320, loss: 0.18122947216033936
step: 330, loss: 0.0014236420392990112
step: 340, loss: 0.0010278373956680298
step: 350, loss: 0.0011774152517318726
step: 360, loss: 0.0006197690963745117
step: 370, loss: 0.021696574985980988
step: 380, loss: 0.0010296404361724854
train time:  772.9635090827942
=========eval at epoch=6=========
Validation:
======================================
accuracy=0.9624
precision=0.8867
recall=0.6891
f1=0.7755
======================================
valid time:  91.12404561042786
Test:
======================================
accuracy=0.9619
precision=0.8808
recall=0.6891
f1=0.7733
======================================
step: 0, loss: 0.003949075937271118
step: 10, loss: 0.008712619543075562
step: 20, loss: 0.0011157393455505371
step: 30, loss: 0.0006494969129562378
step: 40, loss: 0.0009786039590835571
step: 50, loss: 0.0004334747791290283
step: 60, loss: 0.0032936930656433105
step: 70, loss: 0.03093799203634262
step: 80, loss: 0.0792597159743309
step: 90, loss: 0.2241031676530838
step: 100, loss: 0.04412555694580078
step: 110, loss: 0.07343194633722305
step: 120, loss: 0.0014825016260147095
step: 130, loss: 0.002177327871322632
step: 140, loss: 0.041618674993515015
step: 150, loss: 0.7070010304450989
step: 160, loss: 0.001194790005683899
step: 170, loss: 0.003572702407836914
step: 180, loss: 0.002711862325668335
step: 190, loss: 0.000833168625831604
step: 200, loss: 0.0007841736078262329
step: 210, loss: 0.0005989819765090942
step: 220, loss: 0.0009327083826065063
step: 230, loss: 0.0009253621101379395
step: 240, loss: 0.000987619161605835
step: 250, loss: 5.027651786804199e-05
step: 260, loss: 0.003474488854408264
step: 270, loss: 0.2885291278362274
step: 280, loss: 0.001881137490272522
step: 290, loss: 0.0009143203496932983
step: 300, loss: 0.03152390196919441
step: 310, loss: 0.004496395587921143
step: 320, loss: 0.004333764314651489
step: 330, loss: 0.030245624482631683
step: 340, loss: 0.0009019970893859863
step: 350, loss: 0.001398324966430664
step: 360, loss: 0.004559963941574097
step: 370, loss: 0.00683380663394928
step: 380, loss: 0.013796687126159668
train time:  774.3009490966797
=========eval at epoch=7=========
Validation:
======================================
accuracy=0.9624
precision=0.8187
recall=0.7720
f1=0.7947
======================================
valid time:  91.18889307975769
Test:
======================================
accuracy=0.9634
precision=0.8352
recall=0.7617
f1=0.7967
======================================
step: 0, loss: 0.0016916841268539429
step: 10, loss: 0.00041052699089050293
step: 20, loss: 0.031026452779769897
step: 30, loss: 0.001417204737663269
step: 40, loss: 0.0045118629932403564
step: 50, loss: 0.10909294337034225
step: 60, loss: 0.004318982362747192
step: 70, loss: 0.004582077264785767
step: 80, loss: 0.0014121532440185547
step: 90, loss: 0.00022432208061218262
step: 100, loss: 0.0011735111474990845
step: 110, loss: 0.03230084478855133
step: 120, loss: 0.02915900945663452
step: 130, loss: 0.00010034441947937012
step: 140, loss: 0.007240131497383118
step: 150, loss: 0.0663706362247467
step: 160, loss: 0.002814456820487976
step: 170, loss: 0.005596265196800232
step: 180, loss: 0.006718598306179047
step: 190, loss: 0.05885984003543854
step: 200, loss: 0.0003491640090942383
step: 210, loss: 0.0007845759391784668
step: 220, loss: 0.26046350598335266
step: 230, loss: 0.0038336068391799927
step: 240, loss: 0.006756186485290527
step: 250, loss: 0.011522039771080017
step: 260, loss: 0.0006328970193862915
step: 270, loss: 0.003572627902030945
step: 280, loss: 0.0029157251119613647
step: 290, loss: 0.00026804208755493164
step: 300, loss: 0.002303406596183777
step: 310, loss: 0.0016914159059524536
step: 320, loss: 1.6421079635620117e-05
step: 330, loss: 0.0013825446367263794
step: 340, loss: 0.0037681758403778076
step: 350, loss: 0.0049454569816589355
step: 360, loss: 0.0017667412757873535
step: 370, loss: 0.00034183263778686523
step: 380, loss: 5.3375959396362305e-05
train time:  767.7369613647461
=========eval at epoch=8=========
Validation:
======================================
accuracy=0.9614
precision=0.8239
recall=0.7513
f1=0.7859
======================================
valid time:  91.04834246635437
Test:
======================================
accuracy=0.9624
precision=0.8494
recall=0.7306
f1=0.7855
======================================
step: 0, loss: 0.0003560483455657959
step: 10, loss: 0.0002811998128890991
step: 20, loss: 0.0020878463983535767
step: 30, loss: 0.0016493499279022217
step: 40, loss: 0.016081660985946655
step: 50, loss: 0.00142747163772583
step: 60, loss: 0.001066446304321289
step: 70, loss: 0.002992957830429077
step: 80, loss: 0.007619641721248627
step: 90, loss: 0.004508092999458313
step: 100, loss: 0.000668942928314209
step: 110, loss: 0.002186104655265808
step: 120, loss: 0.0025526434183120728
step: 130, loss: 0.01131952553987503
step: 140, loss: 0.009593889117240906
step: 150, loss: 0.0056879520416259766
step: 160, loss: 3.641843795776367e-05
step: 170, loss: 0.00013425946235656738
step: 180, loss: 0.00013381242752075195
step: 190, loss: 0.0015344470739364624
step: 200, loss: 0.0005066543817520142
step: 210, loss: 0.006261363625526428
step: 220, loss: 0.001129940152168274
step: 230, loss: 0.0014187246561050415
step: 240, loss: 0.0001701563596725464
step: 250, loss: 0.0003272593021392822
step: 260, loss: 0.004068464040756226
step: 270, loss: 0.0003711879253387451
step: 280, loss: 0.00046922266483306885
step: 290, loss: 0.0036413222551345825
step: 300, loss: 0.05609838664531708
step: 310, loss: 0.020164888352155685
step: 320, loss: 0.015813320875167847
step: 330, loss: 0.00470927357673645
step: 340, loss: 0.000540316104888916
step: 350, loss: 0.00019860267639160156
step: 360, loss: 0.017018616199493408
step: 370, loss: 0.003812059760093689
step: 380, loss: 0.0002718716859817505
train time:  770.1140203475952
=========eval at epoch=9=========
Validation:
======================================
accuracy=0.9605
precision=0.8011
recall=0.7720
f1=0.7863
======================================
valid time:  90.67415714263916
Test:
======================================
accuracy=0.9610
precision=0.8156
recall=0.7565
f1=0.7849
======================================
step: 0, loss: 0.0003260374069213867
step: 10, loss: 0.011874683201313019
step: 20, loss: 0.09089282155036926
step: 30, loss: 0.0027117878198623657
step: 40, loss: 0.0002849698066711426
step: 50, loss: 0.0588754378259182
step: 60, loss: 0.00013841688632965088
step: 70, loss: 0.0007515996694564819
step: 80, loss: 0.004671499133110046
step: 90, loss: 0.06934207677841187
step: 100, loss: 0.0015069693326950073
step: 110, loss: 0.0054409801959991455
step: 120, loss: 0.0002948492765426636
step: 130, loss: 0.0001605004072189331
step: 140, loss: 0.021045513451099396
step: 150, loss: 0.0005415081977844238
step: 160, loss: 0.0014968961477279663
step: 170, loss: 0.05253275856375694
step: 180, loss: 0.0004031062126159668
step: 190, loss: 0.012580275535583496
step: 200, loss: 0.0018437057733535767
step: 210, loss: 0.0008082687854766846
step: 220, loss: 0.04501231387257576
step: 230, loss: 0.060983479022979736
step: 240, loss: 0.0002879798412322998
step: 250, loss: 0.0019246339797973633
step: 260, loss: 0.007450893521308899
step: 270, loss: 0.050731316208839417
step: 280, loss: 0.0010778754949569702
step: 290, loss: 0.003621414303779602
step: 300, loss: 0.012919113039970398
step: 310, loss: 0.0004699528217315674
step: 320, loss: 0.0031542927026748657
step: 330, loss: 0.002568364143371582
step: 340, loss: 0.0004879087209701538
step: 350, loss: 0.003210708498954773
step: 360, loss: 0.0015328973531723022
step: 370, loss: 0.0381779670715332
step: 380, loss: 0.035633012652397156
train time:  767.6116843223572
=========eval at epoch=10=========
Validation:
======================================
accuracy=0.9605
precision=0.8011
recall=0.7720
f1=0.7863
======================================
valid time:  90.7740318775177
Test:
======================================
accuracy=0.9614
precision=0.8239
recall=0.7513
f1=0.7859
======================================
